Archive member included to satisfy reference by file (symbol)

/usr/share/segger_embedded_studio_for_arm_4.22/lib/libc_v7em_fpv4_sp_d16_hard_t_le_eabi.a(libc2.o)
                              Output/bootloader_uart_mbr_pca10056_debug Release/Obj/nrf_log_str_formatter.o (isprint)
/usr/share/segger_embedded_studio_for_arm_4.22/lib/libc_v7em_fpv4_sp_d16_hard_t_le_eabi.a(libc2_asm.o)
                              Output/bootloader_uart_mbr_pca10056_debug Release/Obj/nrf_log_frontend.o (memcpy)
/usr/share/segger_embedded_studio_for_arm_4.22/lib/libc_v7em_fpv4_sp_d16_hard_t_le_eabi.a(libc.o)
                              /usr/share/segger_embedded_studio_for_arm_4.22/lib/libc_v7em_fpv4_sp_d16_hard_t_le_eabi.a(libc2.o) (__heap_lock)
/usr/share/segger_embedded_studio_for_arm_4.22/lib/libc_v7em_fpv4_sp_d16_hard_t_le_eabi.a(libc_asm.o)
                              /usr/share/segger_embedded_studio_for_arm_4.22/lib/libc_v7em_fpv4_sp_d16_hard_t_le_eabi.a(libc2.o) (__aeabi_uldivmod)
/usr/share/segger_embedded_studio_for_arm_4.22/lib/libdebugio_v7em_fpv4_sp_d16_hard_t_le_eabi.a(libdebugio.o)
                              Output/bootloader_uart_mbr_pca10056_debug Release/Obj/thumb_crt0.o (debug_fopen)
/usr/share/segger_embedded_studio_for_arm_4.22/lib/libdebugio_mempoll_v7em_fpv4_sp_d16_hard_t_le_eabi.a(mempoll_debug_operations.o)
                              /usr/share/segger_embedded_studio_for_arm_4.22/lib/libdebugio_v7em_fpv4_sp_d16_hard_t_le_eabi.a(libdebugio.o) (__do_debug_operation)
/usr/share/segger_embedded_studio_for_arm_4.22/lib/libdebugio_mempoll_v7em_fpv4_sp_d16_hard_t_le_eabi.a(do_nv_debug_operation.o)
                              /usr/share/segger_embedded_studio_for_arm_4.22/lib/libdebugio_v7em_fpv4_sp_d16_hard_t_le_eabi.a(libdebugio.o) (__do_nvdebug_operation)
/usr/share/segger_embedded_studio_for_arm_4.22/lib/libm_v7em_fpv4_sp_d16_hard_t_le_eabi.a(libm_asm.o)
                              /usr/share/segger_embedded_studio_for_arm_4.22/lib/libc_v7em_fpv4_sp_d16_hard_t_le_eabi.a(libc2.o) (__aeabi_i2d)
/usr/share/segger_embedded_studio_for_arm_4.22/lib/libm_v7em_fpv4_sp_d16_hard_t_le_eabi.a(libm2.o)
                              /usr/share/segger_embedded_studio_for_arm_4.22/lib/libvfprintf_v7em_fpv4_sp_d16_hard_t_le_eabi.o (frexp)
/usr/share/segger_embedded_studio_for_arm_4.22/lib/libm_v7em_fpv4_sp_d16_hard_t_le_eabi.a(libm2_asm.o)
                              /usr/share/segger_embedded_studio_for_arm_4.22/lib/libm_v7em_fpv4_sp_d16_hard_t_le_eabi.a(libm2.o) (fabs)

Discarded input sections

 .text          0x0000000000000000        0x0 Output/bootloader_uart_mbr_pca10056_debug Release/Obj/thumb_crt0.o
 .data          0x0000000000000000        0x0 Output/bootloader_uart_mbr_pca10056_debug Release/Obj/thumb_crt0.o
 .bss           0x0000000000000000        0x0 Output/bootloader_uart_mbr_pca10056_debug Release/Obj/thumb_crt0.o
 .text.__aeabi_read_tp
                0x0000000000000000        0x8 Output/bootloader_uart_mbr_pca10056_debug Release/Obj/thumb_crt0.o
 .text.abort    0x0000000000000000        0x2 Output/bootloader_uart_mbr_pca10056_debug Release/Obj/thumb_crt0.o
 .text.__assert
                0x0000000000000000        0x2 Output/bootloader_uart_mbr_pca10056_debug Release/Obj/thumb_crt0.o
 .text.__aeabi_assert
                0x0000000000000000        0x2 Output/bootloader_uart_mbr_pca10056_debug Release/Obj/thumb_crt0.o
 .text.__sync_synchronize
                0x0000000000000000        0x2 Output/bootloader_uart_mbr_pca10056_debug Release/Obj/thumb_crt0.o
 .text.__getchar
                0x0000000000000000        0x4 Output/bootloader_uart_mbr_pca10056_debug Release/Obj/thumb_crt0.o
 .text.__putchar
                0x0000000000000000        0x4 Output/bootloader_uart_mbr_pca10056_debug Release/Obj/thumb_crt0.o
 .text.__open   0x0000000000000000        0x4 Output/bootloader_uart_mbr_pca10056_debug Release/Obj/thumb_crt0.o
 .text.__close  0x0000000000000000        0x4 Output/bootloader_uart_mbr_pca10056_debug Release/Obj/thumb_crt0.o
 .text.__write  0x0000000000000000        0xa Output/bootloader_uart_mbr_pca10056_debug Release/Obj/thumb_crt0.o
 .text.__read   0x0000000000000000        0xa Output/bootloader_uart_mbr_pca10056_debug Release/Obj/thumb_crt0.o
 .text.__seek   0x0000000000000000       0x1a Output/bootloader_uart_mbr_pca10056_debug Release/Obj/thumb_crt0.o
 .bss.__user_locale_name_buffer
                0x0000000000000000        0x4 Output/bootloader_uart_mbr_pca10056_debug Release/Obj/thumb_crt0.o
 .stack         0x0000000000000000        0x0 Output/bootloader_uart_mbr_pca10056_debug Release/Obj/thumb_crt0.o
 .stack_process
                0x0000000000000000        0x0 Output/bootloader_uart_mbr_pca10056_debug Release/Obj/thumb_crt0.o
 .heap          0x0000000000000000        0x0 Output/bootloader_uart_mbr_pca10056_debug Release/Obj/thumb_crt0.o
 .group         0x0000000000000000        0xc Output/bootloader_uart_mbr_pca10056_debug Release/Obj/nrf_log_backend_rtt.o
[...]
Memory Configuration

Name             Origin             Length             Attributes
UNPLACED_SECTIONS 0x0000000100000000 0x0000000000000000 xw
uicr_mbr_params_page 0x0000000010001018 0x0000000000000004 xw
uicr_bootloader_start_address 0x0000000010001014 0x0000000000000004 xw
bootloader_settings_page 0x000000000007f000 0x0000000000001000 xw
mbr_params_page  0x000000000007e000 0x0000000000001000 xw
RAM              0x0000000020000000 0x0000000000010000 xw
FLASH            0x0000000000000000 0x0000000000080000 xw
*default*        0x0000000000000000 0xffffffffffffffff

Linker script and memory map

                0x0000000000000000                __vfprintf = __vfprintf_long
                0x0000000000000000                __vfscanf = __vfscanf_int
                0x0000000010001018                __uicr_mbr_params_page_segment_start__ = 0x10001018
                0x000000001000101c                __uicr_mbr_params_page_segment_end__ = 0x1000101c
                0x0000000000000004                __uicr_mbr_params_page_segment_size__ = 0x4
                0x0000000010001014                __uicr_bootloader_start_address_segment_start__ = 0x10001014
                0x0000000010001018                __uicr_bootloader_start_address_segment_end__ = 0x10001018
                0x0000000000000004                __uicr_bootloader_start_address_segment_size__ = 0x4
                0x000000000007f000                __bootloader_settings_page_segment_start__ = 0x7f000
                0x0000000000080000                __bootloader_settings_page_segment_end__ = 0x80000
                0x0000000000001000                __bootloader_settings_page_segment_size__ = 0x1000
                0x000000000007e000                __mbr_params_page_segment_start__ = 0x7e000
                0x000000000007f000                __mbr_params_page_segment_end__ = 0x7f000
                0x0000000000001000                __mbr_params_page_segment_size__ = 0x1000
                0x0000000020000000                __RAM_segment_start__ = 0x20000000
                0x0000000020010000                __RAM_segment_end__ = 0x20010000
                0x0000000000010000                __RAM_segment_size__ = 0x10000
                0x0000000000000000                __FLASH_segment_start__ = 0x0
                0x0000000000080000                __FLASH_segment_end__ = 0x80000
                0x0000000000080000                __FLASH_segment_size__ = 0x80000
                0x0000000000000000                __HEAPSIZE__ = 0x0
                0x0000000000000000                __STACKSIZE_PROCESS__ = 0x0
                0x0000000000000800                __STACKSIZE__ = 0x800
                0x0000000010001018                __uicr_mbr_params_page_load_start__ = 0x10001018

.uicr_mbr_params_page
                0x0000000010001018        0x4
                0x0000000010001018                __uicr_mbr_params_page_start__ = .
                0x0000000010001018                __start_uicr_mbr_params_page = __uicr_mbr_params_page_start__
 *(.uicr_mbr_params_page .uicr_mbr_params_page.*)
 .uicr_mbr_params_page
                0x0000000010001018        0x4 Output/bootloader_uart_mbr_pca10056_debug Release/Obj/nrf_dfu_settings.o
                0x0000000010001018                m_uicr_mbr_params_page_address
                0x000000001000101c                . = ALIGN (MAX ((__uicr_mbr_params_page_start__ + 0x4), .), 0x4)
                0x000000001000101c                __uicr_mbr_params_page_end__ = (__uicr_mbr_params_page_start__ + SIZEOF (.uicr_mbr_params_page))
                0x0000000000000004                __uicr_mbr_params_page_size__ = SIZEOF (.uicr_mbr_params_page)
                0x000000001000101c                __stop_uicr_mbr_params_page = __uicr_mbr_params_page_end__
                0x000000001000101c                __uicr_mbr_params_page_load_end__ = __uicr_mbr_params_page_end__
                0x000000001000101c                __uicr_mbr_params_page_segment_used_end__ = (0x10001018 + SIZEOF (.uicr_mbr_params_page))
                0x0000000000000004                __uicr_mbr_params_page_segment_used_size__ = (__uicr_mbr_params_page_segment_used_end__ - __uicr_mbr_params_page_segment_start__)
                0x0000000000000001                . = ASSERT (((__uicr_mbr_params_page_start__ == __uicr_mbr_params_page_end__) || ((__uicr_mbr_params_page_end__ - __uicr_mbr_params_page_segment_start__) <= __uicr_mbr_params_page_segment_size__)), error: .uicr_mbr_params_page is too large to fit in uicr_mbr_params_page memory segment)
                0x0000000010001014                __uicr_bootloader_start_address_load_start__ = 0x10001014

.uicr_bootloader_start_address
                0x0000000010001014        0x4
                0x0000000010001014                __uicr_bootloader_start_address_start__ = .
                0x0000000010001014                __start_uicr_bootloader_start_address = __uicr_bootloader_start_address_start__
 *(.uicr_bootloader_start_address .uicr_bootloader_start_address.*)
 .uicr_bootloader_start_address
                0x0000000010001014        0x4 Output/bootloader_uart_mbr_pca10056_debug Release/Obj/nrf_bootloader_info.o
                0x0000000010001014                m_uicr_bootloader_start_address
                0x0000000010001018                . = ALIGN (MAX ((__uicr_bootloader_start_address_start__ + 0x4), .), 0x4)
                0x0000000010001018                __uicr_bootloader_start_address_end__ = (__uicr_bootloader_start_address_start__ + SIZEOF (.uicr_bootloader_start_address))
                0x0000000000000004                __uicr_bootloader_start_address_size__ = SIZEOF (.uicr_bootloader_start_address)
                0x0000000010001018                __stop_uicr_bootloader_start_address = __uicr_bootloader_start_address_end__
                0x0000000010001018                __uicr_bootloader_start_address_load_end__ = __uicr_bootloader_start_address_end__
                0x0000000010001018                __uicr_bootloader_start_address_segment_used_end__ = (0x10001014 + SIZEOF (.uicr_bootloader_start_address))
                0x0000000000000004                __uicr_bootloader_start_address_segment_used_size__ = (__uicr_bootloader_start_address_segment_used_end__ - __uicr_bootloader_start_address_segment_start__)
                0x0000000000000001                . = ASSERT (((__uicr_bootloader_start_address_start__ == __uicr_bootloader_start_address_end__) || ((__uicr_bootloader_start_address_end__ - __uicr_bootloader_start_address_segment_start__) <= __uicr_bootloader_start_address_segment_size__)), error: .uicr_bootloader_start_address is too large to fit in uicr_bootloader_start_address memory segment)
                0x000000000007f000                __bootloader_settings_page_load_start__ = 0x7f000

.bootloader_settings_page
                0x000000000007f000     0x1000
                0x000000000007f000                __bootloader_settings_page_start__ = .
                0x000000000007f000                __start_bootloader_settings_page = __bootloader_settings_page_start__
 *(.bootloader_settings_page .bootloader_settings_page.*)
 .bootloader_settings_page
                0x000000000007f000     0x1000 Output/bootloader_uart_mbr_pca10056_debug Release/Obj/nrf_dfu_settings.o
                0x000000000007f000                m_dfu_settings_buffer
                0x0000000000080000                . = ALIGN (MAX ((__bootloader_settings_page_start__ + 0x1000), .), 0x4)
                0x0000000000080000                __bootloader_settings_page_end__ = (__bootloader_settings_page_start__ + SIZEOF (.bootloader_settings_page))
                0x0000000000001000                __bootloader_settings_page_size__ = SIZEOF (.bootloader_settings_page)
                0x0000000000080000                __stop_bootloader_settings_page = __bootloader_settings_page_end__
                0x0000000000080000                __bootloader_settings_page_load_end__ = __bootloader_settings_page_end__
                0x0000000000080000                __bootloader_settings_page_segment_used_end__ = (0x7f000 + SIZEOF (.bootloader_settings_page))
                0x0000000000001000                __bootloader_settings_page_segment_used_size__ = (__bootloader_settings_page_segment_used_end__ - __bootloader_settings_page_segment_start__)
                0x0000000000000001                . = ASSERT (((__bootloader_settings_page_start__ == __bootloader_settings_page_end__) || ((__bootloader_settings_page_end__ - __bootloader_settings_page_segment_start__) <= __bootloader_settings_page_segment_size__)), error: .bootloader_settings_page is too large to fit in bootloader_settings_page memory segment)
                0x000000000007e000                __mbr_params_page_load_start__ = 0x7e000

.mbr_params_page
                0x000000000007e000     0x1000
                0x000000000007e000                __mbr_params_page_start__ = .
                0x000000000007e000                __start_mbr_params_page = __mbr_params_page_start__
 *(.mbr_params_page .mbr_params_page.*)
 .mbr_params_page
                0x000000000007e000     0x1000 Output/bootloader_uart_mbr_pca10056_debug Release/Obj/nrf_dfu_settings.o
                0x000000000007e000                m_mbr_params_page
                0x000000000007f000                . = ALIGN (MAX ((__mbr_params_page_start__ + 0x1000), .), 0x4)
                0x000000000007f000                __mbr_params_page_end__ = (__mbr_params_page_start__ + SIZEOF (.mbr_params_page))
                0x0000000000001000                __mbr_params_page_size__ = SIZEOF (.mbr_params_page)
                0x000000000007f000                __stop_mbr_params_page = __mbr_params_page_end__
                0x000000000007f000                __mbr_params_page_load_end__ = __mbr_params_page_end__
                0x000000000007f000                __mbr_params_page_segment_used_end__ = (0x7e000 + SIZEOF (.mbr_params_page))
                0x0000000000001000                __mbr_params_page_segment_used_size__ = (__mbr_params_page_segment_used_end__ - __mbr_params_page_segment_start__)
                0x0000000000000001                . = ASSERT (((__mbr_params_page_start__ == __mbr_params_page_end__) || ((__mbr_params_page_end__ - __mbr_params_page_segment_start__) <= __mbr_params_page_segment_size__)), error: .mbr_params_page is too large to fit in mbr_params_page memory segment)
                0x0000000020000000                __reserved_ram_load_start__ = 0x20000000

.reserved_ram   0x0000000020000000        0x8
                0x0000000020000000                __reserved_ram_start__ = .
 *(.reserved_ram .reserved_ram.*)
                0x0000000020000008                . = MAX (((__reserved_ram_start__ + 0x20000008) - 0x20000000), .)
 *fill*         0x0000000020000000        0x8 
                0x0000000020000008                __reserved_ram_end__ = (__reserved_ram_start__ + SIZEOF (.reserved_ram))
                0x0000000000000008                __reserved_ram_size__ = SIZEOF (.reserved_ram)
                0x0000000020000008                __reserved_ram_load_end__ = __reserved_ram_end__
                0x0000000000000001                . = ASSERT (((__reserved_ram_start__ == __reserved_ram_end__) || ((__reserved_ram_end__ - __RAM_segment_start__) <= __RAM_segment_size__)), error: .reserved_ram is too large to fit in RAM memory segment)
                0x0000000020000008                __vectors_ram_load_start__ = 0x20000008

.vectors_ram    0x0000000020000008        0x0
                0x0000000020000008                __vectors_ram_start__ = .
                0x0000000020000008                __app_ram_start__ = __vectors_ram_start__
 *(.vectors_ram .vectors_ram.*)
                0x0000000020000008                __vectors_ram_end__ = (__vectors_ram_start__ + SIZEOF (.vectors_ram))
                0x0000000000000000                __vectors_ram_size__ = SIZEOF (.vectors_ram)
                0x0000000020000008                __vectors_ram_load_end__ = __vectors_ram_end__
                0x0000000000000001                . = ASSERT (((__vectors_ram_start__ == __vectors_ram_end__) || ((__vectors_ram_end__ - __RAM_segment_start__) <= __RAM_segment_size__)), error: .vectors_ram is too large to fit in RAM memory segment)
                0x0000000000000001                . = ASSERT ((__reserved_ram_end__ <= __vectors_ram_start__), error: section .reserved_ram overlaps absolute placed section .vectors_ram)
                0x0000000020000008                __nrf_sections_run_load_start__ = ALIGN (__vectors_ram_end__, 0x4)

.nrf_sections_run
                0x0000000020000008        0x0
                0x0000000020000008                __nrf_sections_run_start__ = .
                0x0000000020000008                __start_nrf_sections_run = __nrf_sections_run_start__
 *(.nrf_sections_run .nrf_sections_run.*)
                0x0000000020000008                __nrf_sections_run_end__ = (__nrf_sections_run_start__ + SIZEOF (.nrf_sections_run))
                0x0000000000000000                __nrf_sections_run_size__ = SIZEOF (.nrf_sections_run)
                0x0000000020000008                __nrf_sections_run_load_end__ = __nrf_sections_run_end__
                0x0000000000000001                . = ASSERT (((__nrf_sections_run_start__ == __nrf_sections_run_end__) || ((__nrf_sections_run_end__ - __RAM_segment_start__) <= __RAM_segment_size__)), error: .nrf_sections_run is too large to fit in RAM memory segment)
                0x0000000000000000                __reserved_flash_load_start__ = 0x0

.reserved_flash
                0x0000000000000000    0x64000
                0x0000000000000000                __reserved_flash_start__ = .
 *(.reserved_flash .reserved_flash.*)
                0x0000000000064000                . = MAX (((__reserved_flash_start__ + 0x64000) - 0x0), .)
 *fill*         0x0000000000000000    0x64000 
                0x0000000000064000                __reserved_flash_end__ = (__reserved_flash_start__ + SIZEOF (.reserved_flash))
                0x0000000000064000                __reserved_flash_size__ = SIZEOF (.reserved_flash)
                0x0000000000064000                __reserved_flash_load_end__ = __reserved_flash_end__
                0x0000000000000001                . = ASSERT (((__reserved_flash_start__ == __reserved_flash_end__) || ((__reserved_flash_end__ - __FLASH_segment_start__) <= __FLASH_segment_size__)), error: .reserved_flash is too large to fit in FLASH memory segment)
                0x0000000000064000                __vectors_load_start__ = 0x64000

.vectors        0x0000000000064000      0x200
                0x0000000000064000                __vectors_start__ = .
 *(.vectors .vectors.*)
 .vectors       0x0000000000064000      0x200 Output/bootloader_uart_mbr_pca10056_debug Release/Obj/ses_startup_nrf52.o
                0x0000000000064000                _vectors
                0x0000000000064200                __vectors_end__ = (__vectors_start__ + SIZEOF (.vectors))
                0x0000000000000200                __vectors_size__ = SIZEOF (.vectors)
                0x0000000000064200                __vectors_load_end__ = __vectors_end__
                0x0000000000000001                . = ASSERT (((__vectors_start__ == __vectors_end__) || ((__vectors_end__ - __FLASH_segment_start__) <= __FLASH_segment_size__)), error: .vectors is too large to fit in FLASH memory segment)
                0x0000000000000001                . = ASSERT ((__reserved_flash_end__ <= __vectors_start__), error: section .reserved_flash overlaps absolute placed section .vectors)
                0x0000000000064200                __init_load_start__ = ALIGN (__vectors_end__, 0x4)

.init           0x0000000000064200      0x1bc
                0x0000000000064200                __init_start__ = .
 *(.init .init.*)
 .init          0x0000000000064200      0x144 Output/bootloader_uart_mbr_pca10056_debug Release/Obj/thumb_crt0.o
                0x0000000000064200                _start
                0x00000000000642a4                exit
 .init          0x0000000000064344       0x18 Output/bootloader_uart_mbr_pca10056_debug Release/Obj/ses_startup_nrf52.o
                0x0000000000064344                NMI_Handler
                0x0000000000064346                HardFault_Handler
                0x0000000000064348                MemoryManagement_Handler
                0x000000000006434a                BusFault_Handler
                0x000000000006434c                UsageFault_Handler
                0x000000000006434e                SVC_Handler
                0x0000000000064350                DebugMon_Handler
                0x0000000000064352                PendSV_Handler
                0x0000000000064354                SysTick_Handler
                0x0000000000064356                TIMER2_IRQHandler
                0x0000000000064356                RTC0_IRQHandler
                0x0000000000064356                SWI0_EGU0_IRQHandler
                0x0000000000064356                SWI2_EGU2_IRQHandler
                0x0000000000064356                GPIOTE_IRQHandler
                0x0000000000064356                PWM1_IRQHandler
                0x0000000000064356                POWER_CLOCK_IRQHandler
                0x0000000000064356                RADIO_IRQHandler
                0x0000000000064356                PDM_IRQHandler
                0x0000000000064356                TEMP_IRQHandler
                0x0000000000064356                QDEC_IRQHandler
                0x0000000000064356                TIMER3_IRQHandler
                0x0000000000064356                FPU_IRQHandler
                0x0000000000064356                SPIM0_SPIS0_TWIM0_TWIS0_SPI0_TWI0_IRQHandler
                0x0000000000064356                TIMER4_IRQHandler
                0x0000000000064356                I2S_IRQHandler
                0x0000000000064356                SWI4_EGU4_IRQHandler
                0x0000000000064356                TIMER0_IRQHandler
                0x0000000000064356                Dummy_Handler
                0x0000000000064356                TIMER1_IRQHandler
                0x0000000000064356                PWM2_IRQHandler
                0x0000000000064356                ECB_IRQHandler
                0x0000000000064356                SPIM1_SPIS1_TWIM1_TWIS1_SPI1_TWI1_IRQHandler
                0x0000000000064356                SAADC_IRQHandler
                0x0000000000064356                CCM_AAR_IRQHandler
                0x0000000000064356                SWI5_EGU5_IRQHandler
                0x0000000000064356                RNG_IRQHandler
                0x0000000000064356                PWM0_IRQHandler
                0x0000000000064356                SWI3_EGU3_IRQHandler
                0x0000000000064356                RTC1_IRQHandler
                0x0000000000064356                SWI1_EGU1_IRQHandler
                0x0000000000064356                SPIM2_SPIS2_SPI2_IRQHandler
                0x0000000000064356                NFCT_IRQHandler
                0x0000000000064356                MWU_IRQHandler
                0x0000000000064356                COMP_LPCOMP_IRQHandler
                0x0000000000064358                nRFInitialize
 .init          0x000000000006435c       0x60 Output/bootloader_uart_mbr_pca10056_debug Release/Obj/ses_startup_nrf_common.o
                0x000000000006435c                Reset_Handler
                0x0000000000064384                InitializeUserMemorySections
                0x00000000000643bc                __init_end__ = (__init_start__ + SIZEOF (.init))
                0x00000000000001bc                __init_size__ = SIZEOF (.init)
                0x00000000000643bc                __init_load_end__ = __init_end__
                0x0000000000000001                . = ASSERT (((__init_start__ == __init_end__) || ((__init_end__ - __FLASH_segment_start__) <= __FLASH_segment_size__)), error: .init is too large to fit in FLASH memory segment)
                0x00000000000643bc                __init_rodata_load_start__ = ALIGN (__init_end__, 0x4)

.init_rodata    0x00000000000643bc        0x0
                0x00000000000643bc                __init_rodata_start__ = .
 *(.init_rodata .init_rodata.*)
                0x00000000000643bc                __init_rodata_end__ = (__init_rodata_start__ + SIZEOF (.init_rodata))
                0x0000000000000000                __init_rodata_size__ = SIZEOF (.init_rodata)
                0x00000000000643bc                __init_rodata_load_end__ = __init_rodata_end__
                0x0000000000000001                . = ASSERT (((__init_rodata_start__ == __init_rodata_end__) || ((__init_rodata_end__ - __FLASH_segment_start__) <= __FLASH_segment_size__)), error: .init_rodata is too large to fit in FLASH memory segment)
                0x00000000000643bc                __text_load_start__ = ALIGN (__init_rodata_end__, 0x4)

.text           0x00000000000643bc     0x5a04
                0x00000000000643bc                __text_start__ = .
 *(.text .text.* .glue_7t .glue_7 .gnu.linkonce.t.* .gcc_except_table .ARM.extab* .gnu.linkonce.armextab.*)
 .glue_7        0x00000000000643bc        0x0 linker stubs
 .glue_7t       0x00000000000643bc        0x0 linker stubs
 .text.nrf_log_backend_rtt_flush
                0x00000000000643bc        0x2 Output/bootloader_uart_mbr_pca10056_debug Release/Obj/nrf_log_backend_rtt.o
 *fill*         0x00000000000643be        0x2 
 .text.nrf_log_backend_rtt_put
                0x00000000000643c0       0x1c Output/bootloader_uart_mbr_pca10056_debug Release/Obj/nrf_log_backend_rtt.o
 .text.serial_tx
                0x00000000000643dc       0x50 Output/bootloader_uart_mbr_pca10056_debug Release/Obj/nrf_log_backend_rtt.o
 .text.nrf_log_backend_rtt_panic_set
                0x000000000006442c        0x2 Output/bootloader_uart_mbr_pca10056_debug Release/Obj/nrf_log_backend_rtt.o
 .text.nrf_log_backend_rtt_init
                0x000000000006442e        0x4 Output/bootloader_uart_mbr_pca10056_debug Release/Obj/nrf_log_backend_rtt.o
                0x000000000006442e                nrf_log_backend_rtt_init
 .text.nrf_log_backend_serial_put
                0x0000000000064432       0xc0 Output/bootloader_uart_mbr_pca10056_debug Release/Obj/nrf_log_backend_serial.o
                0x0000000000064432                nrf_log_backend_serial_put
 *fill*         0x00000000000644f2        0x2 
 .text.nrf_log_default_backends_init
                0x00000000000644f4       0x30 Output/bootloader_uart_mbr_pca10056_debug Release/Obj/nrf_log_default_backends.o
                0x00000000000644f4                nrf_log_default_backends_init
 .text.invalid_packets_omit
                0x0000000000064524       0x3a Output/bootloader_uart_mbr_pca10056_debug Release/Obj/nrf_log_frontend.o
 *fill*         0x000000000006455e        0x2 
 .text.buf_prealloc
                0x0000000000064560      0x144 Output/bootloader_uart_mbr_pca10056_debug Release/Obj/nrf_log_frontend.o
 .text.nrf_log_init
                0x00000000000646a4       0x44 Output/bootloader_uart_mbr_pca10056_debug Release/Obj/nrf_log_frontend.o
                0x00000000000646a4                nrf_log_init
 .text.nrf_log_module_name_get
                0x00000000000646e8       0x38 Output/bootloader_uart_mbr_pca10056_debug Release/Obj/nrf_log_frontend.o
                0x00000000000646e8                nrf_log_module_name_get
 .text.nrf_log_color_id_get
                0x0000000000064720       0x2c Output/bootloader_uart_mbr_pca10056_debug Release/Obj/nrf_log_frontend.o
                0x0000000000064720                nrf_log_color_id_get
 .text.buffer_is_empty
                0x000000000006474c       0x14 Output/bootloader_uart_mbr_pca10056_debug Release/Obj/nrf_log_frontend.o
                0x000000000006474c                buffer_is_empty
 .text.nrf_log_frontend_dequeue
                0x0000000000064760      0x230 Output/bootloader_uart_mbr_pca10056_debug Release/Obj/nrf_log_frontend.o
                0x0000000000064760                nrf_log_frontend_dequeue
 .text.std_n    0x0000000000064990       0xd8 Output/bootloader_uart_mbr_pca10056_debug Release/Obj/nrf_log_frontend.o
 .text.nrf_log_frontend_std_0
                0x0000000000064a68        0x8 Output/bootloader_uart_mbr_pca10056_debug Release/Obj/nrf_log_frontend.o
                0x0000000000064a68                nrf_log_frontend_std_0
 .text.nrf_log_frontend_std_1
                0x0000000000064a70       0x12 Output/bootloader_uart_mbr_pca10056_debug Release/Obj/nrf_log_frontend.o
                0x0000000000064a70                nrf_log_frontend_std_1
 .text.nrf_log_frontend_std_2
                0x0000000000064a82       0x14 Output/bootloader_uart_mbr_pca10056_debug Release/Obj/nrf_log_frontend.o
                0x0000000000064a82                nrf_log_frontend_std_2
 .text.nrf_log_frontend_std_3
                0x0000000000064a96       0x18 Output/bootloader_uart_mbr_pca10056_debug Release/Obj/nrf_log_frontend.o
                0x0000000000064a96                nrf_log_frontend_std_3
 .text.nrf_log_frontend_std_4
                0x0000000000064aae       0x1c Output/bootloader_uart_mbr_pca10056_debug Release/Obj/nrf_log_frontend.o
                0x0000000000064aae                nrf_log_frontend_std_4
 .text.nrf_log_frontend_std_5
                0x0000000000064aca       0x20 Output/bootloader_uart_mbr_pca10056_debug Release/Obj/nrf_log_frontend.o
                0x0000000000064aca                nrf_log_frontend_std_5
 *fill*         0x0000000000064aea        0x2 
 .text.nrf_log_backend_add
                0x0000000000064aec       0x48 Output/bootloader_uart_mbr_pca10056_debug Release/Obj/nrf_log_frontend.o
                0x0000000000064aec                nrf_log_backend_add
 .text.nrf_log_panic
                0x0000000000064b34       0x30 Output/bootloader_uart_mbr_pca10056_debug Release/Obj/nrf_log_frontend.o
                0x0000000000064b34                nrf_log_panic
 .text.postfix_process
                0x0000000000064b64       0x3c Output/bootloader_uart_mbr_pca10056_debug Release/Obj/nrf_log_str_formatter.o
 .text.prefix_process
                0x0000000000064ba0       0x78 Output/bootloader_uart_mbr_pca10056_debug Release/Obj/nrf_log_str_formatter.o
 .text.nrf_log_std_entry_process
                0x0000000000064c18       0xc8 Output/bootloader_uart_mbr_pca10056_debug Release/Obj/nrf_log_str_formatter.o
                0x0000000000064c18                nrf_log_std_entry_process
 .text.nrf_log_hexdump_entry_process
                0x0000000000064ce0       0xac Output/bootloader_uart_mbr_pca10056_debug Release/Obj/nrf_log_str_formatter.o
                0x0000000000064ce0                nrf_log_hexdump_entry_process
 .text.nrf_gpio_pin_port_decode.isra.0.part.1
                0x0000000000064d8c       0x10 Output/bootloader_uart_mbr_pca10056_debug Release/Obj/boards.o
 .text.bsp_board_led_on
                0x0000000000064d9c       0x34 Output/bootloader_uart_mbr_pca10056_debug Release/Obj/boards.o
                0x0000000000064d9c                bsp_board_led_on
 .text.bsp_board_led_off
                0x0000000000064dd0       0x34 Output/bootloader_uart_mbr_pca10056_debug Release/Obj/boards.o
                0x0000000000064dd0                bsp_board_led_off
 .text.bsp_board_leds_off
                0x0000000000064e04       0x18 Output/bootloader_uart_mbr_pca10056_debug Release/Obj/boards.o
                0x0000000000064e04                bsp_board_leds_off
 .text.bsp_board_init
                0x0000000000064e1c       0x2e Output/bootloader_uart_mbr_pca10056_debug Release/Obj/boards.o
                0x0000000000064e1c                bsp_board_init
 .text.pb_field_iter_begin
                0x0000000000064e4a       0x22 Output/bootloader_uart_mbr_pca10056_debug Release/Obj/pb_common.o
                0x0000000000064e4a                pb_field_iter_begin
 .text.pb_field_iter_next
                0x0000000000064e6c       0x82 Output/bootloader_uart_mbr_pca10056_debug Release/Obj/pb_common.o
                0x0000000000064e6c                pb_field_iter_next
 .text.pb_field_iter_find
                0x0000000000064eee       0x2e Output/bootloader_uart_mbr_pca10056_debug Release/Obj/pb_common.o
                0x0000000000064eee                pb_field_iter_find
 .text.buf_read
                0x0000000000064f1c       0x1c Output/bootloader_uart_mbr_pca10056_debug Release/Obj/pb_decode.o
 .text.pb_decode_varint32
                0x0000000000064f38       0x76 Output/bootloader_uart_mbr_pca10056_debug Release/Obj/pb_decode.o
 .text.pb_field_set_to_default
                0x0000000000064fae       0xa2 Output/bootloader_uart_mbr_pca10056_debug Release/Obj/pb_decode.o
 .text.pb_message_set_to_defaults
                0x0000000000065050       0x22 Output/bootloader_uart_mbr_pca10056_debug Release/Obj/pb_decode.o
 *fill*         0x0000000000065072        0x2 
 .text.pb_read  0x0000000000065074       0x58 Output/bootloader_uart_mbr_pca10056_debug Release/Obj/pb_decode.o
                0x0000000000065074                pb_read
 .text.pb_dec_string
                0x00000000000650cc       0x40 Output/bootloader_uart_mbr_pca10056_debug Release/Obj/pb_decode.o
 .text.pb_dec_bytes
                0x000000000006510c       0x3e Output/bootloader_uart_mbr_pca10056_debug Release/Obj/pb_decode.o
 *fill*         0x000000000006514a        0x2 
 .text.pb_istream_from_buffer
                0x000000000006514c       0x14 Output/bootloader_uart_mbr_pca10056_debug Release/Obj/pb_decode.o
                0x000000000006514c                pb_istream_from_buffer
 .text.pb_decode_varint
                0x0000000000065160       0x6c Output/bootloader_uart_mbr_pca10056_debug Release/Obj/pb_decode.o
                0x0000000000065160                pb_decode_varint
 .text.pb_dec_uvarint
                0x00000000000651cc       0x5c Output/bootloader_uart_mbr_pca10056_debug Release/Obj/pb_decode.o
 .text.pb_dec_varint
                0x0000000000065228       0x5a Output/bootloader_uart_mbr_pca10056_debug Release/Obj/pb_decode.o
 .text.pb_decode_tag
                0x0000000000065282       0x3a Output/bootloader_uart_mbr_pca10056_debug Release/Obj/pb_decode.o
                0x0000000000065282                pb_decode_tag
 .text.pb_skip_field
                0x00000000000652bc       0x4c Output/bootloader_uart_mbr_pca10056_debug Release/Obj/pb_decode.o
                0x00000000000652bc                pb_skip_field
 .text.pb_make_string_substream
                0x0000000000065308       0x30 Output/bootloader_uart_mbr_pca10056_debug Release/Obj/pb_decode.o
                0x0000000000065308                pb_make_string_substream
 .text.decode_field
                0x0000000000065338      0x1a0 Output/bootloader_uart_mbr_pca10056_debug Release/Obj/pb_decode.o
 .text.pb_decode_noinit
                0x00000000000654d8      0x1ae Output/bootloader_uart_mbr_pca10056_debug Release/Obj/pb_decode.o
                0x00000000000654d8                pb_decode_noinit
 .text.pb_decode
                0x0000000000065686       0x1e Output/bootloader_uart_mbr_pca10056_debug Release/Obj/pb_decode.o
                0x0000000000065686                pb_decode
 .text.pb_dec_submessage
                0x00000000000656a4       0x3a Output/bootloader_uart_mbr_pca10056_debug Release/Obj/pb_decode.o
 .text.pb_decode_svarint
                0x00000000000656de       0x32 Output/bootloader_uart_mbr_pca10056_debug Release/Obj/pb_decode.o
                0x00000000000656de                pb_decode_svarint
 .text.pb_dec_svarint
                0x0000000000065710       0x5a Output/bootloader_uart_mbr_pca10056_debug Release/Obj/pb_decode.o
 .text.pb_decode_fixed32
                0x000000000006576a       0x18 Output/bootloader_uart_mbr_pca10056_debug Release/Obj/pb_decode.o
                0x000000000006576a                pb_decode_fixed32
 .text.pb_dec_fixed32
                0x0000000000065782        0x6 Output/bootloader_uart_mbr_pca10056_debug Release/Obj/pb_decode.o
 .text.pb_decode_fixed64
                0x0000000000065788       0x1a Output/bootloader_uart_mbr_pca10056_debug Release/Obj/pb_decode.o
                0x0000000000065788                pb_decode_fixed64
 .text.pb_dec_fixed64
                0x00000000000657a2        0x6 Output/bootloader_uart_mbr_pca10056_debug Release/Obj/pb_decode.o
 .text.app_sched_init
                0x00000000000657a8       0x48 Output/bootloader_uart_mbr_pca10056_debug Release/Obj/app_scheduler.o
                0x00000000000657a8                app_sched_init
 .text.app_sched_event_put
                0x00000000000657f0       0xc0 Output/bootloader_uart_mbr_pca10056_debug Release/Obj/app_scheduler.o
                0x00000000000657f0                app_sched_event_put
 .text.app_sched_execute
                0x00000000000658b0       0x64 Output/bootloader_uart_mbr_pca10056_debug Release/Obj/app_scheduler.o
                0x00000000000658b0                app_sched_execute
 .text.app_util_disable_irq
                0x0000000000065914       0x10 Output/bootloader_uart_mbr_pca10056_debug Release/Obj/app_util_platform.o
                0x0000000000065914                app_util_disable_irq
 .text.app_util_enable_irq
                0x0000000000065924       0x14 Output/bootloader_uart_mbr_pca10056_debug Release/Obj/app_util_platform.o
                0x0000000000065924                app_util_enable_irq
 .text.privilege_level_get
                0x0000000000065938       0x1a Output/bootloader_uart_mbr_pca10056_debug Release/Obj/app_util_platform.o
                0x0000000000065938                privilege_level_get
 *fill*         0x0000000000065952        0x2 
 .text.app_util_critical_region_enter
                0x0000000000065954       0x20 Output/bootloader_uart_mbr_pca10056_debug Release/Obj/app_util_platform.o
                0x0000000000065954                app_util_critical_region_enter
 .text.app_util_critical_region_exit
                0x0000000000065974       0x20 Output/bootloader_uart_mbr_pca10056_debug Release/Obj/app_util_platform.o
                0x0000000000065974                app_util_critical_region_exit
 .text.crc32_compute
                0x0000000000065994       0x38 Output/bootloader_uart_mbr_pca10056_debug Release/Obj/crc32.o
                0x0000000000065994                crc32_compute
 .text.assert_nrf_callback
                0x00000000000659cc       0x1a Output/bootloader_uart_mbr_pca10056_debug Release/Obj/nrf_assert.o
                0x00000000000659cc                assert_nrf_callback
 .text.nrf_atomic_u32_fetch_store
                0x00000000000659e6       0x14 Output/bootloader_uart_mbr_pca10056_debug Release/Obj/nrf_atomic.o
                0x00000000000659e6                nrf_atomic_u32_fetch_store
 .text.nrf_atomic_u32_fetch_or
                0x00000000000659fa       0x16 Output/bootloader_uart_mbr_pca10056_debug Release/Obj/nrf_atomic.o
                0x00000000000659fa                nrf_atomic_u32_fetch_or
 .text.nrf_atomic_u32_or
                0x0000000000065a10       0x16 Output/bootloader_uart_mbr_pca10056_debug Release/Obj/nrf_atomic.o
                0x0000000000065a10                nrf_atomic_u32_or
 .text.nrf_atomic_u32_fetch_and
                0x0000000000065a26       0x16 Output/bootloader_uart_mbr_pca10056_debug Release/Obj/nrf_atomic.o
                0x0000000000065a26                nrf_atomic_u32_fetch_and
 .text.nrf_atomic_u32_and
                0x0000000000065a3c       0x16 Output/bootloader_uart_mbr_pca10056_debug Release/Obj/nrf_atomic.o
                0x0000000000065a3c                nrf_atomic_u32_and
 .text.nrf_atomic_u32_add
                0x0000000000065a52       0x16 Output/bootloader_uart_mbr_pca10056_debug Release/Obj/nrf_atomic.o
                0x0000000000065a52                nrf_atomic_u32_add
 .text.nrf_atomic_u32_sub
                0x0000000000065a68       0x16 Output/bootloader_uart_mbr_pca10056_debug Release/Obj/nrf_atomic.o
                0x0000000000065a68                nrf_atomic_u32_sub
 .text.nrf_atomic_flag_set_fetch
                0x0000000000065a7e        0x6 Output/bootloader_uart_mbr_pca10056_debug Release/Obj/nrf_atomic.o
                0x0000000000065a7e                nrf_atomic_flag_set_fetch
 .text.nrf_atomic_flag_set
                0x0000000000065a84        0x6 Output/bootloader_uart_mbr_pca10056_debug Release/Obj/nrf_atomic.o
                0x0000000000065a84                nrf_atomic_flag_set
 .text.nrf_atomic_flag_clear_fetch
                0x0000000000065a8a        0x6 Output/bootloader_uart_mbr_pca10056_debug Release/Obj/nrf_atomic.o
                0x0000000000065a8a                nrf_atomic_flag_clear_fetch
 .text.nrf_atomic_flag_clear
                0x0000000000065a90        0x6 Output/bootloader_uart_mbr_pca10056_debug Release/Obj/nrf_atomic.o
                0x0000000000065a90                nrf_atomic_flag_clear
 *fill*         0x0000000000065a96        0x2 
 .text.nrf_balloc_init
                0x0000000000065a98       0x7c Output/bootloader_uart_mbr_pca10056_debug Release/Obj/nrf_balloc.o
                0x0000000000065a98                nrf_balloc_init
 .text.nrf_balloc_alloc
                0x0000000000065b14       0x50 Output/bootloader_uart_mbr_pca10056_debug Release/Obj/nrf_balloc.o
                0x0000000000065b14                nrf_balloc_alloc
 .text.nrf_balloc_free
                0x0000000000065b64       0x48 Output/bootloader_uart_mbr_pca10056_debug Release/Obj/nrf_balloc.o
                0x0000000000065b64                nrf_balloc_free
 .text.nrf_fprintf_buffer_flush
                0x0000000000065bac       0x24 Output/bootloader_uart_mbr_pca10056_debug Release/Obj/nrf_fprintf.o
                0x0000000000065bac                nrf_fprintf_buffer_flush
 .text.nrf_fprintf
                0x0000000000065bd0       0x54 Output/bootloader_uart_mbr_pca10056_debug Release/Obj/nrf_fprintf.o
                0x0000000000065bd0                nrf_fprintf
 .text.buffer_add
                0x0000000000065c24       0x1e Output/bootloader_uart_mbr_pca10056_debug Release/Obj/nrf_fprintf_format.o
 *fill*         0x0000000000065c42        0x2 
 .text.unsigned_print
                0x0000000000065c44       0xb0 Output/bootloader_uart_mbr_pca10056_debug Release/Obj/nrf_fprintf_format.o
 .text.nrf_fprintf_fmt
                0x0000000000065cf4      0x2b4 Output/bootloader_uart_mbr_pca10056_debug Release/Obj/nrf_fprintf_format.o
                0x0000000000065cf4                nrf_fprintf_fmt
 .text.nrf_fstorage_init
                0x0000000000065fa8       0x30 Output/bootloader_uart_mbr_pca10056_debug Release/Obj/nrf_fstorage.o
                0x0000000000065fa8                nrf_fstorage_init
 .text.nrf_fstorage_write
                0x0000000000065fd8       0xa0 Output/bootloader_uart_mbr_pca10056_debug Release/Obj/nrf_fstorage.o
                0x0000000000065fd8                nrf_fstorage_write
 .text.nrf_fstorage_erase
                0x0000000000066078       0x78 Output/bootloader_uart_mbr_pca10056_debug Release/Obj/nrf_fstorage.o
                0x0000000000066078                nrf_fstorage_erase
 .text.nrf_fstorage_is_busy
                0x00000000000660f0       0x44 Output/bootloader_uart_mbr_pca10056_debug Release/Obj/nrf_fstorage.o
                0x00000000000660f0                nrf_fstorage_is_busy
 .text.init     0x0000000000066134        0xc Output/bootloader_uart_mbr_pca10056_debug Release/Obj/nrf_fstorage_nvmc.o
 .text.rmap     0x0000000000066140        0x4 Output/bootloader_uart_mbr_pca10056_debug Release/Obj/nrf_fstorage_nvmc.o
 .text.wmap     0x0000000000066144        0x4 Output/bootloader_uart_mbr_pca10056_debug Release/Obj/nrf_fstorage_nvmc.o
 .text.is_busy  0x0000000000066148       0x10 Output/bootloader_uart_mbr_pca10056_debug Release/Obj/nrf_fstorage_nvmc.o
 .text.uninit   0x0000000000066158       0x10 Output/bootloader_uart_mbr_pca10056_debug Release/Obj/nrf_fstorage_nvmc.o
 .text.read     0x0000000000066168        0xe Output/bootloader_uart_mbr_pca10056_debug Release/Obj/nrf_fstorage_nvmc.o
 *fill*         0x0000000000066176        0x2 
 .text.erase    0x0000000000066178       0x60 Output/bootloader_uart_mbr_pca10056_debug Release/Obj/nrf_fstorage_nvmc.o
 .text.write    0x00000000000661d8       0x54 Output/bootloader_uart_mbr_pca10056_debug Release/Obj/nrf_fstorage_nvmc.o
 .text.memobj_op
                0x000000000006622c       0xa4 Output/bootloader_uart_mbr_pca10056_debug Release/Obj/nrf_memobj.o
 .text.nrf_memobj_pool_init
                0x00000000000662d0        0x4 Output/bootloader_uart_mbr_pca10056_debug Release/Obj/nrf_memobj.o
                0x00000000000662d0                nrf_memobj_pool_init
 .text.nrf_memobj_free
                0x00000000000662d4       0x2c Output/bootloader_uart_mbr_pca10056_debug Release/Obj/nrf_memobj.o
                0x00000000000662d4                nrf_memobj_free
 .text.nrf_memobj_alloc
                0x0000000000066300       0x5e Output/bootloader_uart_mbr_pca10056_debug Release/Obj/nrf_memobj.o
                0x0000000000066300                nrf_memobj_alloc
 .text.nrf_memobj_get
                0x000000000006635e        0x8 Output/bootloader_uart_mbr_pca10056_debug Release/Obj/nrf_memobj.o
                0x000000000006635e                nrf_memobj_get
 .text.nrf_memobj_put
                0x0000000000066366       0x1e Output/bootloader_uart_mbr_pca10056_debug Release/Obj/nrf_memobj.o
                0x0000000000066366                nrf_memobj_put
 .text.nrf_memobj_write
                0x0000000000066384       0x28 Output/bootloader_uart_mbr_pca10056_debug Release/Obj/nrf_memobj.o
                0x0000000000066384                nrf_memobj_write
 .text.nrf_memobj_read
                0x00000000000663ac       0x28 Output/bootloader_uart_mbr_pca10056_debug Release/Obj/nrf_memobj.o
                0x00000000000663ac                nrf_memobj_read
 .text.nrf_ringbuf_init
                0x00000000000663d4       0x12 Output/bootloader_uart_mbr_pca10056_debug Release/Obj/nrf_ringbuf.o
                0x00000000000663d4                nrf_ringbuf_init
 .text.slip_encode
                0x00000000000663e6       0x68 Output/bootloader_uart_mbr_pca10056_debug Release/Obj/slip.o
                0x00000000000663e6                slip_encode
 .text.slip_decode_add_byte
                0x000000000006644e       0x76 Output/bootloader_uart_mbr_pca10056_debug Release/Obj/slip.o
                0x000000000006644e                slip_decode_add_byte
 .text.uarte_evt_handler
                0x00000000000664c4       0x34 Output/bootloader_uart_mbr_pca10056_debug Release/Obj/nrf_drv_uart.o
 .text.nrf_drv_uart_init
                0x00000000000664f8       0x5c Output/bootloader_uart_mbr_pca10056_debug Release/Obj/nrf_drv_uart.o
                0x00000000000664f8                nrf_drv_uart_init
 .text.wait_for_flash_ready
                0x0000000000066554       0x10 Output/bootloader_uart_mbr_pca10056_debug Release/Obj/nrf_nvmc.o
 .text.nrf_nvmc_page_erase
                0x0000000000066564       0x30 Output/bootloader_uart_mbr_pca10056_debug Release/Obj/nrf_nvmc.o
                0x0000000000066564                nrf_nvmc_page_erase
 .text.nrf_nvmc_write_words
                0x0000000000066594       0x40 Output/bootloader_uart_mbr_pca10056_debug Release/Obj/nrf_nvmc.o
                0x0000000000066594                nrf_nvmc_write_words
 .text.UARTE0_UART0_IRQHandler
                0x00000000000665d4       0x20 Output/bootloader_uart_mbr_pca10056_debug Release/Obj/nrfx_prs.o
                0x00000000000665d4                UARTE0_UART0_IRQHandler
 .text.nrfx_prs_acquire
                0x00000000000665f4       0x44 Output/bootloader_uart_mbr_pca10056_debug Release/Obj/nrfx_prs.o
                0x00000000000665f4                nrfx_prs_acquire
 .text.nrfx_prs_release
                0x0000000000066638       0x28 Output/bootloader_uart_mbr_pca10056_debug Release/Obj/nrfx_prs.o
                0x0000000000066638                nrfx_prs_release
 .text.nrf_uarte_event_clear
                0x0000000000066660       0x10 Output/bootloader_uart_mbr_pca10056_debug Release/Obj/nrfx_uarte.o
 .text.nrf_gpio_pin_port_decode.isra.1.part.2
                0x0000000000066670       0x10 Output/bootloader_uart_mbr_pca10056_debug Release/Obj/nrfx_uarte.o
 .text.nrf_gpio_cfg_default
                0x0000000000066680       0x1c Output/bootloader_uart_mbr_pca10056_debug Release/Obj/nrfx_uarte.o
 .text.rx_done_event.constprop.8
                0x000000000006669c       0x24 Output/bootloader_uart_mbr_pca10056_debug Release/Obj/nrfx_uarte.o
 .text.nrfx_uarte_0_irq_handler
                0x00000000000666c0       0xec Output/bootloader_uart_mbr_pca10056_debug Release/Obj/nrfx_uarte.o
                0x00000000000666c0                nrfx_uarte_0_irq_handler
 .text.nrfx_uarte_init
                0x00000000000667ac      0x210 Output/bootloader_uart_mbr_pca10056_debug Release/Obj/nrfx_uarte.o
                0x00000000000667ac                nrfx_uarte_init
 .text.nrfx_uarte_uninit
                0x00000000000669bc       0xac Output/bootloader_uart_mbr_pca10056_debug Release/Obj/nrfx_uarte.o
                0x00000000000669bc                nrfx_uarte_uninit
 .text.nrfx_uarte_tx
                0x0000000000066a68       0xe0 Output/bootloader_uart_mbr_pca10056_debug Release/Obj/nrfx_uarte.o
                0x0000000000066a68                nrfx_uarte_tx
 .text.nrfx_uarte_rx
                0x0000000000066b48      0x12c Output/bootloader_uart_mbr_pca10056_debug Release/Obj/nrfx_uarte.o
                0x0000000000066b48                nrfx_uarte_rx
 .text.dfu_observer
                0x0000000000066c74       0x40 Output/bootloader_uart_mbr_pca10056_debug Release/Obj/main.o
 .text.on_error
                0x0000000000066cb4       0x54 Output/bootloader_uart_mbr_pca10056_debug Release/Obj/main.o
 .text.app_error_fault_handler
                0x0000000000066d08       0x2c Output/bootloader_uart_mbr_pca10056_debug Release/Obj/main.o
                0x0000000000066d08                app_error_fault_handler
 .text.app_error_handler_bare
                0x0000000000066d34       0x28 Output/bootloader_uart_mbr_pca10056_debug Release/Obj/main.o
                0x0000000000066d34                app_error_handler_bare
 .text.startup.main
                0x0000000000066d5c       0x80 Output/bootloader_uart_mbr_pca10056_debug Release/Obj/main.o
                0x0000000000066d5c                main
 .text.flash_write_callback
                0x0000000000066ddc        0xc Output/bootloader_uart_mbr_pca10056_debug Release/Obj/nrf_bootloader.o
 .text.bootloader_reset
                0x0000000000066de8       0x3c Output/bootloader_uart_mbr_pca10056_debug Release/Obj/nrf_bootloader.o
 .text.dfu_observer
                0x0000000000066e24       0x3c Output/bootloader_uart_mbr_pca10056_debug Release/Obj/nrf_bootloader.o
 .text.inactivity_timeout
                0x0000000000066e60       0x2c Output/bootloader_uart_mbr_pca10056_debug Release/Obj/nrf_bootloader.o
 .text.reset_after_flash_write
                0x0000000000066e8c       0x48 Output/bootloader_uart_mbr_pca10056_debug Release/Obj/nrf_bootloader.o
 .text.nrf_dfu_init_user
                0x0000000000066ed4       0x28 Output/bootloader_uart_mbr_pca10056_debug Release/Obj/nrf_bootloader.o
                0x0000000000066ed4                nrf_dfu_init_user
 .text.nrf_bootloader_init
                0x0000000000066efc      0x18c Output/bootloader_uart_mbr_pca10056_debug Release/Obj/nrf_bootloader.o
                0x0000000000066efc                nrf_bootloader_init
 .text.nrf_bootloader_app_start
                0x0000000000067088       0x74 Output/bootloader_uart_mbr_pca10056_debug Release/Obj/nrf_bootloader_app_start.o
                0x0000000000067088                nrf_bootloader_app_start
 .text.nrf_bootloader_flash_protect
                0x00000000000670fc       0x58 Output/bootloader_uart_mbr_pca10056_debug Release/Obj/nrf_bootloader_app_start_final.o
                0x00000000000670fc                nrf_bootloader_flash_protect
 .text.nrf_bootloader_app_start_final
                0x0000000000067154       0x9c Output/bootloader_uart_mbr_pca10056_debug Release/Obj/nrf_bootloader_app_start_final.o
                0x0000000000067154                nrf_bootloader_app_start_final
 .text.timer_activate
                0x00000000000671f0       0xbc Output/bootloader_uart_mbr_pca10056_debug Release/Obj/nrf_bootloader_dfu_timers.o
 .text.timer_init
                0x00000000000672ac       0x88 Output/bootloader_uart_mbr_pca10056_debug Release/Obj/nrf_bootloader_dfu_timers.o
 .text.RTC2_IRQHandler
                0x0000000000067334       0xbc Output/bootloader_uart_mbr_pca10056_debug Release/Obj/nrf_bootloader_dfu_timers.o
                0x0000000000067334                RTC2_IRQHandler
 .text.nrf_bootloader_dfu_inactivity_timer_restart
                0x00000000000673f0       0x5c Output/bootloader_uart_mbr_pca10056_debug Release/Obj/nrf_bootloader_dfu_timers.o
                0x00000000000673f0                nrf_bootloader_dfu_inactivity_timer_restart
 .text.nrf_bootloader_wdt_feed_timer_start
                0x000000000006744c       0x24 Output/bootloader_uart_mbr_pca10056_debug Release/Obj/nrf_bootloader_dfu_timers.o
                0x000000000006744c                nrf_bootloader_wdt_feed_timer_start
 .text.nrf_bootloader_dfu_timer_counter_get
                0x0000000000067470       0x18 Output/bootloader_uart_mbr_pca10056_debug Release/Obj/nrf_bootloader_dfu_timers.o
                0x0000000000067470                nrf_bootloader_dfu_timer_counter_get
 .text.flash_write_callback
                0x0000000000067488        0xc Output/bootloader_uart_mbr_pca10056_debug Release/Obj/nrf_bootloader_fw_activation.o
 .text.bl_activate
                0x0000000000067494       0xac Output/bootloader_uart_mbr_pca10056_debug Release/Obj/nrf_bootloader_fw_activation.o
 .text.image_copy.constprop.0
                0x0000000000067540      0x118 Output/bootloader_uart_mbr_pca10056_debug Release/Obj/nrf_bootloader_fw_activation.o
 .text.sd_activate
                0x0000000000067658      0x100 Output/bootloader_uart_mbr_pca10056_debug Release/Obj/nrf_bootloader_fw_activation.o
 .text.nrf_bootloader_fw_activate
                0x0000000000067758      0x1d0 Output/bootloader_uart_mbr_pca10056_debug Release/Obj/nrf_bootloader_fw_activation.o
                0x0000000000067758                nrf_bootloader_fw_activate
 .text.wdt_feed
                0x0000000000067928       0x34 Output/bootloader_uart_mbr_pca10056_debug Release/Obj/nrf_bootloader_wdt.o
 .text.wdt_feed_timer_handler
                0x000000000006795c       0x2c Output/bootloader_uart_mbr_pca10056_debug Release/Obj/nrf_bootloader_wdt.o
 .text.WDT_IRQHandler
                0x0000000000067988       0x24 Output/bootloader_uart_mbr_pca10056_debug Release/Obj/nrf_bootloader_wdt.o
                0x0000000000067988                WDT_IRQHandler
 .text.nrf_bootloader_wdt_init
                0x00000000000679ac       0x8c Output/bootloader_uart_mbr_pca10056_debug Release/Obj/nrf_bootloader_wdt.o
                0x00000000000679ac                nrf_bootloader_wdt_init
 .text.nrf_bootloader_wdt_feed
                0x0000000000067a38       0x14 Output/bootloader_uart_mbr_pca10056_debug Release/Obj/nrf_bootloader_wdt.o
                0x0000000000067a38                nrf_bootloader_wdt_feed
 .text.errata_12
                0x0000000000067a4c       0x40 Output/bootloader_uart_mbr_pca10056_debug Release/Obj/system_nrf52.o
 .text.errata_16
                0x0000000000067a8c       0x34 Output/bootloader_uart_mbr_pca10056_debug Release/Obj/system_nrf52.o
 .text.SystemInit
                0x0000000000067ac0      0x25c Output/bootloader_uart_mbr_pca10056_debug Release/Obj/system_nrf52.o
                0x0000000000067ac0                SystemInit
 .text.dfu_observer
                0x0000000000067d1c       0x24 Output/bootloader_uart_mbr_pca10056_debug Release/Obj/nrf_dfu.o
 .text.nrf_dfu_init
                0x0000000000067d40       0x5c Output/bootloader_uart_mbr_pca10056_debug Release/Obj/nrf_dfu.o
                0x0000000000067d40                nrf_dfu_init
 .text.dfu_fstorage_evt_handler
                0x0000000000067d9c       0x88 Output/bootloader_uart_mbr_pca10056_debug Release/Obj/nrf_dfu_flash.o
                0x0000000000067d9c                dfu_fstorage_evt_handler
 .text.nrf_dfu_flash_init
                0x0000000000067e24       0x38 Output/bootloader_uart_mbr_pca10056_debug Release/Obj/nrf_dfu_flash.o
                0x0000000000067e24                nrf_dfu_flash_init
 .text.nrf_dfu_flash_store
                0x0000000000067e5c       0x7c Output/bootloader_uart_mbr_pca10056_debug Release/Obj/nrf_dfu_flash.o
                0x0000000000067e5c                nrf_dfu_flash_store
 .text.nrf_dfu_flash_erase
                0x0000000000067ed8       0x6c Output/bootloader_uart_mbr_pca10056_debug Release/Obj/nrf_dfu_flash.o
                0x0000000000067ed8                nrf_dfu_flash_erase
 .text.ext_error_set
                0x0000000000067f44        0xc Output/bootloader_uart_mbr_pca10056_debug Release/Obj/nrf_dfu_handling_error.o
                0x0000000000067f44                ext_error_set
 .text.ext_error_get
                0x0000000000067f50       0x10 Output/bootloader_uart_mbr_pca10056_debug Release/Obj/nrf_dfu_handling_error.o
                0x0000000000067f50                ext_error_get
 .text.sd_mbr_command
                0x0000000000067f60        0x4 Output/bootloader_uart_mbr_pca10056_debug Release/Obj/nrf_dfu_mbr.o
 .text.nrf_dfu_mbr_copy_bl
                0x0000000000067f64       0x22 Output/bootloader_uart_mbr_pca10056_debug Release/Obj/nrf_dfu_mbr.o
                0x0000000000067f64                nrf_dfu_mbr_copy_bl
 *fill*         0x0000000000067f86        0x2 
 .text.nrf_dfu_mbr_irq_forward_address_set
                0x0000000000067f88       0x60 Output/bootloader_uart_mbr_pca10056_debug Release/Obj/nrf_dfu_mbr.o
                0x0000000000067f88                nrf_dfu_mbr_irq_forward_address_set
 .text.on_dfu_complete
                0x0000000000067fe8       0x34 Output/bootloader_uart_mbr_pca10056_debug Release/Obj/nrf_dfu_req_handler.o
 .text.ext_err_code_handle
                0x000000000006801c        0xe Output/bootloader_uart_mbr_pca10056_debug Release/Obj/nrf_dfu_req_handler.o
 *fill*         0x000000000006802a        0x2 
 .text.on_data_obj_execute_request_sched
                0x000000000006802c       0xcc Output/bootloader_uart_mbr_pca10056_debug Release/Obj/nrf_dfu_req_handler.o
 .text.nrf_dfu_req_handler_req
                0x00000000000680f8      0x544 Output/bootloader_uart_mbr_pca10056_debug Release/Obj/nrf_dfu_req_handler.o
 .text.nrf_dfu_req_handler_on_req
                0x000000000006863c       0x40 Output/bootloader_uart_mbr_pca10056_debug Release/Obj/nrf_dfu_req_handler.o
                0x000000000006863c                nrf_dfu_req_handler_on_req
 .text.nrf_dfu_req_handler_init
                0x000000000006867c       0x48 Output/bootloader_uart_mbr_pca10056_debug Release/Obj/nrf_dfu_req_handler.o
                0x000000000006867c                nrf_dfu_req_handler_init
 .text.payload_free
                0x00000000000686c4        0xc Output/bootloader_uart_mbr_pca10056_debug Release/Obj/nrf_dfu_serial_uart.o
 .text.rsp_send
                0x00000000000686d0       0x28 Output/bootloader_uart_mbr_pca10056_debug Release/Obj/nrf_dfu_serial_uart.o
 .text.uart_dfu_transport_close
                0x00000000000686f8       0x28 Output/bootloader_uart_mbr_pca10056_debug Release/Obj/nrf_dfu_serial_uart.o
 .text.uart_dfu_transport_init
                0x0000000000068720      0x120 Output/bootloader_uart_mbr_pca10056_debug Release/Obj/nrf_dfu_serial_uart.o
 .text.uart_event_handler
                0x0000000000068840       0xa4 Output/bootloader_uart_mbr_pca10056_debug Release/Obj/nrf_dfu_serial_uart.o
 .text.settings_write
                0x00000000000688e4       0xa8 Output/bootloader_uart_mbr_pca10056_debug Release/Obj/nrf_dfu_settings.o
 .text.settings_crc_ok
                0x000000000006898c       0x28 Output/bootloader_uart_mbr_pca10056_debug Release/Obj/nrf_dfu_settings.o
 .text.nrf_dfu_settings_write
                0x00000000000689b4       0x30 Output/bootloader_uart_mbr_pca10056_debug Release/Obj/nrf_dfu_settings.o
                0x00000000000689b4                nrf_dfu_settings_write
 .text.nrf_dfu_settings_init
                0x00000000000689e4      0x128 Output/bootloader_uart_mbr_pca10056_debug Release/Obj/nrf_dfu_settings.o
                0x00000000000689e4                nrf_dfu_settings_init
 .text.settings_backup
                0x0000000000068b0c       0x6c Output/bootloader_uart_mbr_pca10056_debug Release/Obj/nrf_dfu_settings.o
                0x0000000000068b0c                settings_backup
 .text.nrf_dfu_settings_backup
                0x0000000000068b78        0xc Output/bootloader_uart_mbr_pca10056_debug Release/Obj/nrf_dfu_settings.o
                0x0000000000068b78                nrf_dfu_settings_backup
 .text.nrf_dfu_settings_write_and_backup
                0x0000000000068b84       0x20 Output/bootloader_uart_mbr_pca10056_debug Release/Obj/nrf_dfu_settings.o
                0x0000000000068b84                nrf_dfu_settings_write_and_backup
 .text.nrf_dfu_settings_additional_erase
                0x0000000000068ba4       0x28 Output/bootloader_uart_mbr_pca10056_debug Release/Obj/nrf_dfu_settings.o
                0x0000000000068ba4                nrf_dfu_settings_additional_erase
 .text.nrf_dfu_transports_init
                0x0000000000068bcc       0x70 Output/bootloader_uart_mbr_pca10056_debug Release/Obj/nrf_dfu_transport.o
                0x0000000000068bcc                nrf_dfu_transports_init
 .text.nrf_dfu_transports_close
                0x0000000000068c3c       0x74 Output/bootloader_uart_mbr_pca10056_debug Release/Obj/nrf_dfu_transport.o
                0x0000000000068c3c                nrf_dfu_transports_close
 .text.nrf_dfu_bank_invalidate
                0x0000000000068cb0       0x18 Output/bootloader_uart_mbr_pca10056_debug Release/Obj/nrf_dfu_utils.o
                0x0000000000068cb0                nrf_dfu_bank_invalidate
 .text.nrf_dfu_softdevice_invalidate
                0x0000000000068cc8       0x68 Output/bootloader_uart_mbr_pca10056_debug Release/Obj/nrf_dfu_utils.o
                0x0000000000068cc8                nrf_dfu_softdevice_invalidate
 .text.nrf_dfu_bank0_start_addr
                0x0000000000068d30       0x2c Output/bootloader_uart_mbr_pca10056_debug Release/Obj/nrf_dfu_utils.o
                0x0000000000068d30                nrf_dfu_bank0_start_addr
 .text.nrf_dfu_bank1_start_addr
                0x0000000000068d5c       0x20 Output/bootloader_uart_mbr_pca10056_debug Release/Obj/nrf_dfu_utils.o
                0x0000000000068d5c                nrf_dfu_bank1_start_addr
 .text.nrf_dfu_app_start_address
                0x0000000000068d7c        0x4 Output/bootloader_uart_mbr_pca10056_debug Release/Obj/nrf_dfu_utils.o
                0x0000000000068d7c                nrf_dfu_app_start_address
 .text.nrf_dfu_softdevice_start_address
                0x0000000000068d80        0x6 Output/bootloader_uart_mbr_pca10056_debug Release/Obj/nrf_dfu_utils.o
                0x0000000000068d80                nrf_dfu_softdevice_start_address
 *fill*         0x0000000000068d86        0x2 
 .text.nrf_dfu_app_is_valid
                0x0000000000068d88       0x7c Output/bootloader_uart_mbr_pca10056_debug Release/Obj/nrf_dfu_utils.o
                0x0000000000068d88                nrf_dfu_app_is_valid
 .text.nrf_dfu_cache_prepare
                0x0000000000068e04      0x248 Output/bootloader_uart_mbr_pca10056_debug Release/Obj/nrf_dfu_utils.o
                0x0000000000068e04                nrf_dfu_cache_prepare
 .text.stored_init_cmd_decode
                0x000000000006904c       0x68 Output/bootloader_uart_mbr_pca10056_debug Release/Obj/nrf_dfu_validation.o
 .text.pb_decoding_callback
                0x00000000000690b4       0x34 Output/bootloader_uart_mbr_pca10056_debug Release/Obj/nrf_dfu_validation.o
 .text.nrf_dfu_validation_init
                0x00000000000690e8       0x2c Output/bootloader_uart_mbr_pca10056_debug Release/Obj/nrf_dfu_validation.o
                0x00000000000690e8                nrf_dfu_validation_init
 .text.nrf_dfu_validation_init_cmd_create
                0x0000000000069114       0x38 Output/bootloader_uart_mbr_pca10056_debug Release/Obj/nrf_dfu_validation.o
                0x0000000000069114                nrf_dfu_validation_init_cmd_create
 .text.nrf_dfu_validation_init_cmd_append
                0x000000000006914c       0x60 Output/bootloader_uart_mbr_pca10056_debug Release/Obj/nrf_dfu_validation.o
                0x000000000006914c                nrf_dfu_validation_init_cmd_append
 .text.nrf_dfu_validation_init_cmd_present
                0x00000000000691ac        0xc Output/bootloader_uart_mbr_pca10056_debug Release/Obj/nrf_dfu_validation.o
                0x00000000000691ac                nrf_dfu_validation_init_cmd_present
 .text.nrf_dfu_validation_init_cmd_execute
                0x00000000000691b8      0x184 Output/bootloader_uart_mbr_pca10056_debug Release/Obj/nrf_dfu_validation.o
                0x00000000000691b8                nrf_dfu_validation_init_cmd_execute
 .text.nrf_dfu_validation_post_data_execute
                0x000000000006933c      0x1f8 Output/bootloader_uart_mbr_pca10056_debug Release/Obj/nrf_dfu_validation.o
                0x000000000006933c                nrf_dfu_validation_post_data_execute
 .text.sd_req_check
                0x0000000000069534       0x44 Output/bootloader_uart_mbr_pca10056_debug Release/Obj/nrf_dfu_ver_validation.o
 .text.nrf_dfu_ver_validation_check
                0x0000000000069578      0x19c Output/bootloader_uart_mbr_pca10056_debug Release/Obj/nrf_dfu_ver_validation.o
                0x0000000000069578                nrf_dfu_ver_validation_check
 .text.uint32_encode
                0x0000000000069714       0x12 Output/bootloader_uart_mbr_pca10056_debug Release/Obj/nrf_dfu_serial.o
 *fill*         0x0000000000069726        0x2 
 .text.dfu_req_handler_rsp_clbk
                0x0000000000069728      0x1a8 Output/bootloader_uart_mbr_pca10056_debug Release/Obj/nrf_dfu_serial.o
                0x0000000000069728                dfu_req_handler_rsp_clbk
 .text.nrf_dfu_serial_on_packet_received
                0x00000000000698d0       0xf4 Output/bootloader_uart_mbr_pca10056_debug Release/Obj/nrf_dfu_serial.o
                0x00000000000698d0                nrf_dfu_serial_on_packet_received
 .text._GetAvailWriteSpace
                0x00000000000699c4       0x1c Output/bootloader_uart_mbr_pca10056_debug Release/Obj/SEGGER_RTT.o
 .text._WriteNoCheck
                0x00000000000699e0       0x34 Output/bootloader_uart_mbr_pca10056_debug Release/Obj/SEGGER_RTT.o
 .text._WriteBlocking
                0x0000000000069a14       0x52 Output/bootloader_uart_mbr_pca10056_debug Release/Obj/SEGGER_RTT.o
 *fill*         0x0000000000069a66        0x2 
 .text._DoInit  0x0000000000069a68       0x60 Output/bootloader_uart_mbr_pca10056_debug Release/Obj/SEGGER_RTT.o
 .text.SEGGER_RTT_WriteNoLock
                0x0000000000069ac8       0x68 Output/bootloader_uart_mbr_pca10056_debug Release/Obj/SEGGER_RTT.o
                0x0000000000069ac8                SEGGER_RTT_WriteNoLock
 .text.SEGGER_RTT_Init
                0x0000000000069b30        0x4 Output/bootloader_uart_mbr_pca10056_debug Release/Obj/SEGGER_RTT.o
                0x0000000000069b30                SEGGER_RTT_Init
 .text.libc.__RAL_ascii_isctype
                0x0000000000069b34       0x1c /usr/share/segger_embedded_studio_for_arm_4.22/lib/libc_v7em_fpv4_sp_d16_hard_t_le_eabi.a(libc2.o)
 .text.libc.__RAL_ascii_toupper
                0x0000000000069b50        0xc /usr/share/segger_embedded_studio_for_arm_4.22/lib/libc_v7em_fpv4_sp_d16_hard_t_le_eabi.a(libc2.o)
 .text.libc.__RAL_ascii_tolower
                0x0000000000069b5c        0xc /usr/share/segger_embedded_studio_for_arm_4.22/lib/libc_v7em_fpv4_sp_d16_hard_t_le_eabi.a(libc2.o)
 .text.libc.__RAL_ascii_iswctype
                0x0000000000069b68       0x1c /usr/share/segger_embedded_studio_for_arm_4.22/lib/libc_v7em_fpv4_sp_d16_hard_t_le_eabi.a(libc2.o)
 .text.libc.__RAL_ascii_towupper
                0x0000000000069b84        0xc /usr/share/segger_embedded_studio_for_arm_4.22/lib/libc_v7em_fpv4_sp_d16_hard_t_le_eabi.a(libc2.o)
 .text.libc.__RAL_ascii_towlower
                0x0000000000069b90        0xc /usr/share/segger_embedded_studio_for_arm_4.22/lib/libc_v7em_fpv4_sp_d16_hard_t_le_eabi.a(libc2.o)
 .text.libc.__RAL_ascii_wctomb
                0x0000000000069b9c        0xe /usr/share/segger_embedded_studio_for_arm_4.22/lib/libc_v7em_fpv4_sp_d16_hard_t_le_eabi.a(libc2.o)
                0x0000000000069b9c                __RAL_ascii_wctomb
 .text.libc.__RAL_ascii_mbtowc
                0x0000000000069baa       0x24 /usr/share/segger_embedded_studio_for_arm_4.22/lib/libc_v7em_fpv4_sp_d16_hard_t_le_eabi.a(libc2.o)
                0x0000000000069baa                __RAL_ascii_mbtowc
 *fill*         0x0000000000069bce        0x2 
 .text.libc.__RAL_isctype
                0x0000000000069bd0       0x14 /usr/share/segger_embedded_studio_for_arm_4.22/lib/libc_v7em_fpv4_sp_d16_hard_t_le_eabi.a(libc2.o)
                0x0000000000069bd0                __RAL_isctype
 .text.libc.isprint
                0x0000000000069be4        0xa /usr/share/segger_embedded_studio_for_arm_4.22/lib/libc_v7em_fpv4_sp_d16_hard_t_le_eabi.a(libc2.o)
                0x0000000000069be4                isprint
 .text.libc.memcmp
                0x0000000000069bee       0x76 /usr/share/segger_embedded_studio_for_arm_4.22/lib/libc_v7em_fpv4_sp_d16_hard_t_le_eabi.a(libc2.o)
                0x0000000000069bee                memcmp
 .text.libc.memcpy
                0x0000000000069c64       0x52 /usr/share/segger_embedded_studio_for_arm_4.22/lib/libc_v7em_fpv4_sp_d16_hard_t_le_eabi.a(libc2_asm.o)
                0x0000000000069c64                memcpy
                0x0000000000069c64                __aeabi_memcpy
                0x0000000000069c70                __aeabi_memcpy4
                0x0000000000069c70                __aeabi_memcpy8
 .text.libc.memset
                0x0000000000069cb6       0x66 /usr/share/segger_embedded_studio_for_arm_4.22/lib/libc_v7em_fpv4_sp_d16_hard_t_le_eabi.a(libc2_asm.o)
                0x0000000000069cb6                memset
 .text.libc.strcpy
                0x0000000000069d1c       0x44 /usr/share/segger_embedded_studio_for_arm_4.22/lib/libc_v7em_fpv4_sp_d16_hard_t_le_eabi.a(libc2_asm.o)
                0x0000000000069d1c                strcpy
 .text.libc.strlen
                0x0000000000069d60       0x60 /usr/share/segger_embedded_studio_for_arm_4.22/lib/libc_v7em_fpv4_sp_d16_hard_t_le_eabi.a(libc2_asm.o)
                0x0000000000069d60                strlen
                0x0000000000069dc0                __text_end__ = (__text_start__ + SIZEOF (.text))
                0x0000000000005a04                __text_size__ = SIZEOF (.text)
                0x0000000000069dc0                __text_load_end__ = __text_end__

.vfp11_veneer   0x0000000100000000        0x0
 .vfp11_veneer  0x0000000100000000        0x0 linker stubs

.v4_bx          0x0000000100000000        0x0
 .v4_bx         0x0000000100000000        0x0 linker stubs

.iplt           0x0000000100000000        0x0
 .iplt          0x0000000100000000        0x0 Output/bootloader_uart_mbr_pca10056_debug Release/Obj/thumb_crt0.o
                0x0000000000000001                . = ASSERT (((__text_start__ == __text_end__) || ((__text_end__ - __FLASH_segment_start__) <= __FLASH_segment_size__)), error: .text is too large to fit in FLASH memory segment)
                0x0000000000069dc0                __crypto_data_load_start__ = ALIGN (__text_end__, 0x4)

.crypto_data    0x0000000000069dc0        0x0
                0x0000000000069dc0                __crypto_data_start__ = .
                0x0000000000069dc0                __start_crypto_data = __crypto_data_start__
 *(SORT_BY_NAME(.crypto_data*))
                0x0000000000069dc0                __crypto_data_end__ = (__crypto_data_start__ + SIZEOF (.crypto_data))
                0x0000000000000000                __crypto_data_size__ = SIZEOF (.crypto_data)
                0x0000000000069dc0                __stop_crypto_data = __crypto_data_end__
                0x0000000000069dc0                __crypto_data_load_end__ = __crypto_data_end__
                0x0000000000000001                . = ASSERT (((__crypto_data_start__ == __crypto_data_end__) || ((__crypto_data_end__ - __FLASH_segment_start__) <= __FLASH_segment_size__)), error: .crypto_data is too large to fit in FLASH memory segment)
                0x0000000000069dc0                __dfu_trans_load_start__ = ALIGN (__crypto_data_end__, 0x4)

.dfu_trans      0x0000000000069dc0        0x8
                0x0000000000069dc0                __dfu_trans_start__ = .
                0x0000000000069dc0                __start_dfu_trans = __dfu_trans_start__
 *(SORT_BY_NAME(.dfu_trans*))
 .dfu_trans     0x0000000000069dc0        0x8 Output/bootloader_uart_mbr_pca10056_debug Release/Obj/nrf_dfu_serial_uart.o
                0x0000000000069dc0                uart_dfu_transport
                0x0000000000069dc8                __dfu_trans_end__ = (__dfu_trans_start__ + SIZEOF (.dfu_trans))
                0x0000000000000008                __dfu_trans_size__ = SIZEOF (.dfu_trans)
                0x0000000000069dc8                __stop_dfu_trans = __dfu_trans_end__
                0x0000000000069dc8                __dfu_trans_load_end__ = __dfu_trans_end__
                0x0000000000000001                . = ASSERT (((__dfu_trans_start__ == __dfu_trans_end__) || ((__dfu_trans_end__ - __FLASH_segment_start__) <= __FLASH_segment_size__)), error: .dfu_trans is too large to fit in FLASH memory segment)
                0x0000000000069dc8                __nrf_queue_load_start__ = ALIGN (__dfu_trans_end__, 0x4)

.nrf_queue      0x0000000000069dc8        0x0
                0x0000000000069dc8                __nrf_queue_start__ = .
                0x0000000000069dc8                __start_nrf_queue = __nrf_queue_start__
 *(.nrf_queue*)
                0x0000000000069dc8                __nrf_queue_end__ = (__nrf_queue_start__ + SIZEOF (.nrf_queue))
                0x0000000000000000                __nrf_queue_size__ = SIZEOF (.nrf_queue)
                0x0000000000069dc8                __stop_nrf_queue = __nrf_queue_end__
                0x0000000000069dc8                __nrf_queue_load_end__ = __nrf_queue_end__
                0x0000000000000001                . = ASSERT (((__nrf_queue_start__ == __nrf_queue_end__) || ((__nrf_queue_end__ - __FLASH_segment_start__) <= __FLASH_segment_size__)), error: .nrf_queue is too large to fit in FLASH memory segment)
                0x0000000000069dc8                __log_const_data_load_start__ = ALIGN (__nrf_queue_end__, 0x4)

.log_const_data
                0x0000000000069dc8       0x68
                0x0000000000069dc8                __log_const_data_start__ = .
                0x0000000000069dc8                __start_log_const_data = __log_const_data_start__
 *(SORT_BY_NAME(.log_const_data*))
 .log_const_data_PRS
                0x0000000000069dc8        0x8 Output/bootloader_uart_mbr_pca10056_debug Release/Obj/nrfx_prs.o
                0x0000000000069dc8                m_nrf_log_PRS_logs_data_const
 .log_const_data_UARTE
                0x0000000000069dd0        0x8 Output/bootloader_uart_mbr_pca10056_debug Release/Obj/nrfx_uarte.o
                0x0000000000069dd0                m_nrf_log_UARTE_logs_data_const
 .log_const_data_app
                0x0000000000069dd8        0x8 Output/bootloader_uart_mbr_pca10056_debug Release/Obj/nrf_log_frontend.o
                0x0000000000069dd8                m_nrf_log_app_logs_data_const
 .log_const_data_mem_mngr
                0x0000000000069de0        0x8 Output/bootloader_uart_mbr_pca10056_debug Release/Obj/mem_manager.o
                0x0000000000069de0                m_nrf_log_mem_mngr_logs_data_const
 .log_const_data_nrf_bootloader_wdt
                0x0000000000069de8        0x8 Output/bootloader_uart_mbr_pca10056_debug Release/Obj/nrf_bootloader_wdt.o
                0x0000000000069de8                m_nrf_log_nrf_bootloader_wdt_logs_data_const
 .log_const_data_nrf_dfu_flash
                0x0000000000069df0        0x8 Output/bootloader_uart_mbr_pca10056_debug Release/Obj/nrf_dfu_flash.o
                0x0000000000069df0                m_nrf_log_nrf_dfu_flash_logs_data_const
 .log_const_data_nrf_dfu_req_handler
                0x0000000000069df8        0x8 Output/bootloader_uart_mbr_pca10056_debug Release/Obj/nrf_dfu_req_handler.o
                0x0000000000069df8                m_nrf_log_nrf_dfu_req_handler_logs_data_const
 .log_const_data_nrf_dfu_serial
                0x0000000000069e00        0x8 Output/bootloader_uart_mbr_pca10056_debug Release/Obj/nrf_dfu_serial.o
                0x0000000000069e00                m_nrf_log_nrf_dfu_serial_logs_data_const
 .log_const_data_nrf_dfu_serial_uart
                0x0000000000069e08        0x8 Output/bootloader_uart_mbr_pca10056_debug Release/Obj/nrf_dfu_serial_uart.o
                0x0000000000069e08                m_nrf_log_nrf_dfu_serial_uart_logs_data_const
 .log_const_data_nrf_dfu_settings
                0x0000000000069e10        0x8 Output/bootloader_uart_mbr_pca10056_debug Release/Obj/nrf_dfu_settings.o
                0x0000000000069e10                m_nrf_log_nrf_dfu_settings_logs_data_const
 .log_const_data_nrf_dfu_validation
                0x0000000000069e18        0x8 Output/bootloader_uart_mbr_pca10056_debug Release/Obj/nrf_dfu_validation.o
                0x0000000000069e18                m_nrf_log_nrf_dfu_validation_logs_data_const
 .log_const_data_nrf_dfu_ver_validation
                0x0000000000069e20        0x8 Output/bootloader_uart_mbr_pca10056_debug Release/Obj/nrf_dfu_ver_validation.o
                0x0000000000069e20                m_nrf_log_nrf_dfu_ver_validation_logs_data_const
 .log_const_data_nrf_fstorage
                0x0000000000069e28        0x8 Output/bootloader_uart_mbr_pca10056_debug Release/Obj/nrf_fstorage.o
                0x0000000000069e28                m_nrf_log_nrf_fstorage_logs_data_const
                0x0000000000069e30                __log_const_data_end__ = (__log_const_data_start__ + SIZEOF (.log_const_data))
                0x0000000000000068                __log_const_data_size__ = SIZEOF (.log_const_data)
                0x0000000000069e30                __stop_log_const_data = __log_const_data_end__
                0x0000000000069e30                __log_const_data_load_end__ = __log_const_data_end__
                0x0000000000000001                . = ASSERT (((__log_const_data_start__ == __log_const_data_end__) || ((__log_const_data_end__ - __FLASH_segment_start__) <= __FLASH_segment_size__)), error: .log_const_data is too large to fit in FLASH memory segment)
                0x0000000000069e30                __nrf_balloc_load_start__ = ALIGN (__log_const_data_end__, 0x4)

.nrf_balloc     0x0000000000069e30       0x28
                0x0000000000069e30                __nrf_balloc_start__ = .
                0x0000000000069e30                __start_nrf_balloc = __nrf_balloc_start__
 *(.nrf_balloc*)
 .nrf_balloc    0x0000000000069e30       0x14 Output/bootloader_uart_mbr_pca10056_debug Release/Obj/nrf_log_frontend.o
                0x0000000000069e30                log_mempool
 .nrf_balloc    0x0000000000069e44       0x14 Output/bootloader_uart_mbr_pca10056_debug Release/Obj/nrf_dfu_serial_uart.o
                0x0000000000069e44                m_payload_pool
                0x0000000000069e58                __nrf_balloc_end__ = (__nrf_balloc_start__ + SIZEOF (.nrf_balloc))
                0x0000000000000028                __nrf_balloc_size__ = SIZEOF (.nrf_balloc)
                0x0000000000069e58                __stop_nrf_balloc = __nrf_balloc_end__
                0x0000000000069e58                __nrf_balloc_load_end__ = __nrf_balloc_end__
                0x0000000000000001                . = ASSERT (((__nrf_balloc_start__ == __nrf_balloc_end__) || ((__nrf_balloc_end__ - __FLASH_segment_start__) <= __FLASH_segment_size__)), error: .nrf_balloc is too large to fit in FLASH memory segment)
                0x0000000000069e58                __log_backends_load_start__ = ALIGN (__nrf_balloc_end__, 0x4)

.log_backends   0x0000000000069e58       0x10
                0x0000000000069e58                __log_backends_start__ = .
                0x0000000000069e58                __start_log_backends = __log_backends_start__
 *(SORT_BY_NAME(.log_backends*))
 .log_backends  0x0000000000069e58       0x10 Output/bootloader_uart_mbr_pca10056_debug Release/Obj/nrf_log_default_backends.o
                0x0000000000069e68                __log_backends_end__ = (__log_backends_start__ + SIZEOF (.log_backends))
                0x0000000000000010                __log_backends_size__ = SIZEOF (.log_backends)
                0x0000000000069e68                __stop_log_backends = __log_backends_end__
                0x0000000000069e68                __log_backends_load_end__ = __log_backends_end__
                0x0000000000000001                . = ASSERT (((__log_backends_start__ == __log_backends_end__) || ((__log_backends_end__ - __FLASH_segment_start__) <= __FLASH_segment_size__)), error: .log_backends is too large to fit in FLASH memory segment)
                0x0000000000069e68                __nrf_sections_load_start__ = ALIGN (__log_backends_end__, 0x4)

.nrf_sections   0x0000000000069e68        0x0
                0x0000000000069e68                __nrf_sections_start__ = .
                0x0000000000069e68                __start_nrf_sections = __nrf_sections_start__
 *(.nrf_sections .nrf_sections.*)
                0x0000000000069e68                __nrf_sections_end__ = (__nrf_sections_start__ + SIZEOF (.nrf_sections))
                0x0000000000000000                __nrf_sections_size__ = SIZEOF (.nrf_sections)
                0x0000000000069e68                __nrf_sections_load_end__ = __nrf_sections_end__
                0x0000000000000001                . = ASSERT (((__nrf_sections_start__ == __nrf_sections_end__) || ((__nrf_sections_end__ - __FLASH_segment_start__) <= __FLASH_segment_size__)), error: .nrf_sections is too large to fit in FLASH memory segment)
                0x0000000000069e68                __fs_data_load_start__ = ALIGN (__nrf_sections_end__, 0x4)

.fs_data        0x0000000020000008       0x14 load address 0x0000000000069e68
                0x0000000020000008                __fs_data_start__ = .
 *(.fs_data*)
 .fs_data       0x0000000020000008       0x14 Output/bootloader_uart_mbr_pca10056_debug Release/Obj/nrf_dfu_flash.o
                0x0000000020000008                m_fs
                0x000000002000001c                __fs_data_end__ = (__fs_data_start__ + SIZEOF (.fs_data))
                0x0000000000000014                __fs_data_size__ = SIZEOF (.fs_data)
                0x0000000000069e7c                __fs_data_load_end__ = (__fs_data_load_start__ + SIZEOF (.fs_data))
                0x0000000000000001                . = ASSERT (((__fs_data_load_start__ == __fs_data_load_end__) || ((__fs_data_load_end__ - __FLASH_segment_start__) <= __FLASH_segment_size__)), error: .fs_data is too large to fit in FLASH memory segment)

.fs_data_run    0x0000000020000008       0x14 load address 0x0000000000069e68
                0x0000000020000008                __fs_data_run_start__ = .
                0x0000000020000008                __start_fs_data = __fs_data_run_start__
                0x000000002000001c                . = MAX ((__fs_data_run_start__ + SIZEOF (.fs_data)), .)
 *fill*         0x0000000020000008       0x14 
                0x000000002000001c                __fs_data_run_end__ = (__fs_data_run_start__ + SIZEOF (.fs_data_run))
                0x0000000000000014                __fs_data_run_size__ = SIZEOF (.fs_data_run)
                0x000000002000001c                __stop_fs_data = __fs_data_run_end__
                0x000000002000001c                __fs_data_run_load_end__ = __fs_data_run_end__
                0x0000000000000001                . = ASSERT (((__fs_data_run_start__ == __fs_data_run_end__) || ((__fs_data_run_end__ - __RAM_segment_start__) <= __RAM_segment_size__)), error: .fs_data_run is too large to fit in RAM memory segment)
                0x0000000000069e7c                __log_dynamic_data_load_start__ = ALIGN ((__fs_data_load_start__ + SIZEOF (.fs_data)), 0x4)

.log_dynamic_data
                0x000000002000001c        0x0 load address 0x0000000000069e7c
                0x000000002000001c                __log_dynamic_data_start__ = .
 *(SORT_BY_NAME(.log_dynamic_data*))
                0x000000002000001c                __log_dynamic_data_end__ = (__log_dynamic_data_start__ + SIZEOF (.log_dynamic_data))
                0x0000000000000000                __log_dynamic_data_size__ = SIZEOF (.log_dynamic_data)
                0x0000000000069e7c                __log_dynamic_data_load_end__ = (__log_dynamic_data_load_start__ + SIZEOF (.log_dynamic_data))
                0x0000000000000001                . = ASSERT (((__log_dynamic_data_load_start__ == __log_dynamic_data_load_end__) || ((__log_dynamic_data_load_end__ - __FLASH_segment_start__) <= __FLASH_segment_size__)), error: .log_dynamic_data is too large to fit in FLASH memory segment)

.log_dynamic_data_run
                0x000000002000001c        0x0
                0x000000002000001c                __log_dynamic_data_run_start__ = .
                0x000000002000001c                __start_log_dynamic_data = __log_dynamic_data_run_start__
                0x000000002000001c                . = MAX ((__log_dynamic_data_run_start__ + SIZEOF (.log_dynamic_data)), .)
                0x000000002000001c                __log_dynamic_data_run_end__ = (__log_dynamic_data_run_start__ + SIZEOF (.log_dynamic_data_run))
                0x0000000000000000                __log_dynamic_data_run_size__ = SIZEOF (.log_dynamic_data_run)
                0x000000002000001c                __stop_log_dynamic_data = __log_dynamic_data_run_end__
                0x000000002000001c                __log_dynamic_data_run_load_end__ = __log_dynamic_data_run_end__
                0x0000000000000001                . = ASSERT (((__log_dynamic_data_run_start__ == __log_dynamic_data_run_end__) || ((__log_dynamic_data_run_end__ - __RAM_segment_start__) <= __RAM_segment_size__)), error: .log_dynamic_data_run is too large to fit in RAM memory segment)
                0x0000000000069e7c                __log_filter_data_load_start__ = ALIGN ((__log_dynamic_data_load_start__ + SIZEOF (.log_dynamic_data)), 0x4)

.log_filter_data
                0x000000002000001c        0x0 load address 0x0000000000069e7c
                0x000000002000001c                __log_filter_data_start__ = .
 *(SORT_BY_NAME(.log_filter_data*))
                0x000000002000001c                __log_filter_data_end__ = (__log_filter_data_start__ + SIZEOF (.log_filter_data))
                0x0000000000000000                __log_filter_data_size__ = SIZEOF (.log_filter_data)
                0x0000000000069e7c                __log_filter_data_load_end__ = (__log_filter_data_load_start__ + SIZEOF (.log_filter_data))
                0x0000000000000001                . = ASSERT (((__log_filter_data_load_start__ == __log_filter_data_load_end__) || ((__log_filter_data_load_end__ - __FLASH_segment_start__) <= __FLASH_segment_size__)), error: .log_filter_data is too large to fit in FLASH memory segment)

.log_filter_data_run
                0x000000002000001c        0x0
                0x000000002000001c                __log_filter_data_run_start__ = .
                0x000000002000001c                __start_log_filter_data = __log_filter_data_run_start__
                0x000000002000001c                . = MAX ((__log_filter_data_run_start__ + SIZEOF (.log_filter_data)), .)
                0x000000002000001c                __log_filter_data_run_end__ = (__log_filter_data_run_start__ + SIZEOF (.log_filter_data_run))
                0x0000000000000000                __log_filter_data_run_size__ = SIZEOF (.log_filter_data_run)
                0x000000002000001c                __stop_log_filter_data = __log_filter_data_run_end__
                0x000000002000001c                __log_filter_data_run_load_end__ = __log_filter_data_run_end__
                0x0000000000000001                . = ASSERT (((__log_filter_data_run_start__ == __log_filter_data_run_end__) || ((__log_filter_data_run_end__ - __RAM_segment_start__) <= __RAM_segment_size__)), error: .log_filter_data_run is too large to fit in RAM memory segment)
                0x000000002000001c                __nrf_sections_run_end_load_start__ = ALIGN (__log_filter_data_run_end__, 0x4)

.nrf_sections_run_end
                0x000000002000001c        0x0
                0x000000002000001c                __nrf_sections_run_end_start__ = .
                0x000000002000001c                __end_nrf_sections_run = __nrf_sections_run_end_start__
 *(.nrf_sections_run_end .nrf_sections_run_end.*)
                0x000000002000001c                __nrf_sections_run_end_end__ = (__nrf_sections_run_end_start__ + SIZEOF (.nrf_sections_run_end))
                0x0000000000000000                __nrf_sections_run_end_size__ = SIZEOF (.nrf_sections_run_end)
                0x000000002000001c                __nrf_sections_run_end_load_end__ = __nrf_sections_run_end_end__
                0x0000000000000001                . = ASSERT (((__nrf_sections_run_end_start__ == __nrf_sections_run_end_end__) || ((__nrf_sections_run_end_end__ - __RAM_segment_start__) <= __RAM_segment_size__)), error: .nrf_sections_run_end is too large to fit in RAM memory segment)
                0x0000000000069e7c                __dtors_load_start__ = ALIGN ((__log_filter_data_load_start__ + SIZEOF (.log_filter_data)), 0x4)

.dtors          0x0000000000069e7c        0x0
                0x0000000000069e7c                __dtors_start__ = .
 *(SORT_BY_NAME(.dtors.*))
 *(.dtors)
 *(.fini_array)
 *(SORT_BY_NAME(.fini_array.*))
                0x0000000000069e7c                __dtors_end__ = (__dtors_start__ + SIZEOF (.dtors))
                0x0000000000000000                __dtors_size__ = SIZEOF (.dtors)
                0x0000000000069e7c                __dtors_load_end__ = __dtors_end__
                0x0000000000000001                . = ASSERT (((__dtors_start__ == __dtors_end__) || ((__dtors_end__ - __FLASH_segment_start__) <= __FLASH_segment_size__)), error: .dtors is too large to fit in FLASH memory segment)
                0x0000000000069e7c                __ctors_load_start__ = ALIGN (__dtors_end__, 0x4)

.ctors          0x0000000000069e7c        0x0
                0x0000000000069e7c                __ctors_start__ = .
 *(SORT_BY_NAME(.ctors.*))
 *(.ctors)
 *(.init_array)
 *(SORT_BY_NAME(.init_array.*))
                0x0000000000069e7c                __ctors_end__ = (__ctors_start__ + SIZEOF (.ctors))
                0x0000000000000000                __ctors_size__ = SIZEOF (.ctors)
                0x0000000000069e7c                __ctors_load_end__ = __ctors_end__
                0x0000000000000001                . = ASSERT (((__ctors_start__ == __ctors_end__) || ((__ctors_end__ - __FLASH_segment_start__) <= __FLASH_segment_size__)), error: .ctors is too large to fit in FLASH memory segment)
                0x0000000000069e7c                __rodata_load_start__ = ALIGN (__ctors_end__, 0x4)

.rodata         0x0000000000069e7c     0x26ec
                0x0000000000069e7c                __rodata_start__ = .
 *(.rodata .rodata.* .gnu.linkonce.r.*)
 *fill*         0x0000000000069e7c        0x4 
 .rodata.delay_bytecode.8175
                0x0000000000069e80        0x6 Output/bootloader_uart_mbr_pca10056_debug Release/Obj/nrf_log_backend_rtt.o
 *fill*         0x0000000000069e86        0x2 
 .rodata.nrf_log_backend_rtt_api
                0x0000000000069e88        0xc Output/bootloader_uart_mbr_pca10056_debug Release/Obj/nrf_log_backend_rtt.o
                0x0000000000069e88                nrf_log_backend_rtt_api
 .rodata.nrf_log_default_backends_init.str1.1
                0x0000000000069e94       0x6b Output/bootloader_uart_mbr_pca10056_debug Release/Obj/nrf_log_default_backends.o
 .rodata.str1.1
                0x0000000000069eff       0x10 Output/bootloader_uart_mbr_pca10056_debug Release/Obj/nrf_log_default_backends.o
 .rodata.buf_prealloc.str1.1
                0x0000000000069f0f       0x63 Output/bootloader_uart_mbr_pca10056_debug Release/Obj/nrf_log_frontend.o
 *fill*         0x0000000000069f72        0x2 
 .rodata.m_log_push_ringbuf
                0x0000000000069f74        0xc Output/bootloader_uart_mbr_pca10056_debug Release/Obj/nrf_log_frontend.o
 .rodata.nrf_log_frontend_dequeue.str1.1
                0x0000000000069f80       0x11 Output/bootloader_uart_mbr_pca10056_debug Release/Obj/nrf_log_frontend.o
 .rodata.str1.1
                0x0000000000069f91        0x4 Output/bootloader_uart_mbr_pca10056_debug Release/Obj/nrf_log_frontend.o
 *fill*         0x0000000000069f95        0x3 
 .rodata.m_colors
                0x0000000000069f98       0x24 Output/bootloader_uart_mbr_pca10056_debug Release/Obj/nrf_log_str_formatter.o
 .rodata.nrf_log_hexdump_entry_process.str1.1
                0x0000000000069fbc        0xf Output/bootloader_uart_mbr_pca10056_debug Release/Obj/nrf_log_str_formatter.o
                                         0x11 (size before relaxing)
 .rodata.postfix_process.str1.1
                0x0000000000069fcb        0x8 Output/bootloader_uart_mbr_pca10056_debug Release/Obj/nrf_log_str_formatter.o
                                          0xb (size before relaxing)
 .rodata.prefix_process.str1.1
                0x0000000000069fd3       0x2a Output/bootloader_uart_mbr_pca10056_debug Release/Obj/nrf_log_str_formatter.o
 *fill*         0x0000000000069ffd        0x3 
 .rodata.severity_names
                0x000000000006a000       0x14 Output/bootloader_uart_mbr_pca10056_debug Release/Obj/nrf_log_str_formatter.o
 .rodata.str1.1
                0x000000000006a014       0x51 Output/bootloader_uart_mbr_pca10056_debug Release/Obj/nrf_log_str_formatter.o
 .rodata.bsp_board_led_state_get.str1.1
                0x000000000006a065       0x4e Output/bootloader_uart_mbr_pca10056_debug Release/Obj/boards.o
 .rodata.m_board_led_list
                0x000000000006a0b3        0x3 Output/bootloader_uart_mbr_pca10056_debug Release/Obj/boards.o
 .rodata.nrf_gpio_pin_port_decode.isra.0.part.1.str1.1
                0x000000000006a0b6       0x4e Output/bootloader_uart_mbr_pca10056_debug Release/Obj/boards.o
 .rodata.PB_DECODERS
                0x000000000006a104       0x24 Output/bootloader_uart_mbr_pca10056_debug Release/Obj/pb_decode.o
 .rodata.app_util_critical_region_enter.str1.1
                0x000000000006a128       0x61 Output/bootloader_uart_mbr_pca10056_debug Release/Obj/app_util_platform.o
 .rodata.str1.1
                0x000000000006a189        0x9 Output/bootloader_uart_mbr_pca10056_debug Release/Obj/mem_manager.o
 .rodata.nrf_balloc_init.str1.1
                0x000000000006a192       0x5c Output/bootloader_uart_mbr_pca10056_debug Release/Obj/nrf_balloc.o
 .rodata.nrf_fprintf_buffer_flush.str1.1
                0x000000000006a1ee       0x52 Output/bootloader_uart_mbr_pca10056_debug Release/Obj/nrf_fprintf.o
 .rodata._aV2C.7501
                0x000000000006a240       0x10 Output/bootloader_uart_mbr_pca10056_debug Release/Obj/nrf_fprintf_format.o
 .rodata.nrf_fprintf_fmt.str1.1
                0x000000000006a250       0x59 Output/bootloader_uart_mbr_pca10056_debug Release/Obj/nrf_fprintf_format.o
 .rodata.nrf_fstorage_init.str1.1
                0x000000000006a2a9       0x60 Output/bootloader_uart_mbr_pca10056_debug Release/Obj/nrf_fstorage.o
 .rodata.str1.1
                0x000000000006a309        0xd Output/bootloader_uart_mbr_pca10056_debug Release/Obj/nrf_fstorage.o
 *fill*         0x000000000006a316        0x2 
 .rodata.m_flash_info
                0x000000000006a318        0xc Output/bootloader_uart_mbr_pca10056_debug Release/Obj/nrf_fstorage_nvmc.o
 .rodata.nrf_fstorage_nvmc
                0x000000000006a324       0x20 Output/bootloader_uart_mbr_pca10056_debug Release/Obj/nrf_fstorage_nvmc.o
                0x000000000006a324                nrf_fstorage_nvmc
 .rodata.memobj_op.str1.1
                0x000000000006a344       0x5c Output/bootloader_uart_mbr_pca10056_debug Release/Obj/nrf_memobj.o
 .rodata.UARTE0_UART0_IRQHandler.str1.1
                0x000000000006a3a0       0x5b Output/bootloader_uart_mbr_pca10056_debug Release/Obj/nrfx_prs.o
 .rodata.str1.1
                0x000000000006a3fb        0x4 Output/bootloader_uart_mbr_pca10056_debug Release/Obj/nrfx_prs.o
 .rodata.nrf_gpio_pin_port_decode.isra.1.part.2.str1.1
                0x000000000006a3ff       0x4e Output/bootloader_uart_mbr_pca10056_debug Release/Obj/nrfx_uarte.o
 .rodata.nrfx_uarte_init.str1.1
                0x000000000006a3ff       0xa8 Output/bootloader_uart_mbr_pca10056_debug Release/Obj/nrfx_uarte.o
 .rodata.str1.1
                0x000000000006a4a7        0x6 Output/bootloader_uart_mbr_pca10056_debug Release/Obj/nrfx_uarte.o
 .rodata.app_error_fault_handler.str1.1
                0x000000000006a4ad       0x37 Output/bootloader_uart_mbr_pca10056_debug Release/Obj/main.o
 .rodata.app_error_handler_bare.str1.1
                0x000000000006a4e4       0x1b Output/bootloader_uart_mbr_pca10056_debug Release/Obj/main.o
 *fill*         0x000000000006a4ff        0x1 
 .rodata.delay_bytecode.7567
                0x000000000006a500        0x6 Output/bootloader_uart_mbr_pca10056_debug Release/Obj/main.o
 .rodata.main.str1.1
                0x000000000006a506       0x17 Output/bootloader_uart_mbr_pca10056_debug Release/Obj/main.o
 .rodata.bootloader_reset.str1.1
                0x000000000006a51d       0x16 Output/bootloader_uart_mbr_pca10056_debug Release/Obj/nrf_bootloader.o
 *fill*         0x000000000006a533        0xd 
 .rodata.delay_bytecode.7950